Archive member included to satisfy reference by file (symbol)

c:/mohan/softwares/compilers/arm/gcc-vas/bin/../lib/gcc/arm-none-eabi/10.3.1/../../../../arm-none-eabi/lib/thumb/v7-a+fp/hard\libc_nano.a(lib_a-exit.o)
                              c:/mohan/softwares/compilers/arm/gcc-vas/bin/../lib/gcc/arm-none-eabi/10.3.1/../../../../arm-none-eabi/lib/thumb/v7-a+fp/hard/crt0.o (exit)
c:/mohan/softwares/compilers/arm/gcc-vas/bin/../lib/gcc/arm-none-eabi/10.3.1/../../../../arm-none-eabi/lib/thumb/v7-a+fp/hard\libc_nano.a(lib_a-impure.o)
                              c:/mohan/softwares/compilers/arm/gcc-vas/bin/../lib/gcc/arm-none-eabi/10.3.1/../../../../arm-none-eabi/lib/thumb/v7-a+fp/hard\libc_nano.a(lib_a-exit.o) (_global_impure_ptr)
c:/mohan/softwares/compilers/arm/gcc-vas/bin/../lib/gcc/arm-none-eabi/10.3.1/../../../../arm-none-eabi/lib/thumb/v7-a+fp/hard\libc_nano.a(lib_a-init.o)
                              c:/mohan/softwares/compilers/arm/gcc-vas/bin/../lib/gcc/arm-none-eabi/10.3.1/../../../../arm-none-eabi/lib/thumb/v7-a+fp/hard/crt0.o (__libc_init_array)
c:/mohan/softwares/compilers/arm/gcc-vas/bin/../lib/gcc/arm-none-eabi/10.3.1/../../../../arm-none-eabi/lib/thumb/v7-a+fp/hard\libc_nano.a(lib_a-memset.o)
                              c:/mohan/softwares/compilers/arm/gcc-vas/bin/../lib/gcc/arm-none-eabi/10.3.1/../../../../arm-none-eabi/lib/thumb/v7-a+fp/hard/crt0.o (memset)
./build/sama5d4-xplained/ddram/arch/arch.a(fault_handlers.o)
                              ./build/sama5d4-xplained/ddram/target/sama5d4/toolchain/gnu/cstartup.o (undefined_instruction_irq_handler)
./build/sama5d4-xplained/ddram/utils/utils.a(syscalls.o)
                              c:/mohan/softwares/compilers/arm/gcc-vas/bin/../lib/gcc/arm-none-eabi/10.3.1/../../../../arm-none-eabi/lib/thumb/v7-a+fp/hard\libc_nano.a(lib_a-exit.o) (_exit)
./build/sama5d4-xplained/ddram/target/target.a(board_console.o)
                              ./build/sama5d4-xplained/ddram/target/common/bootstrap.o (board_cfg_console)
./build/sama5d4-xplained/ddram/target/target.a(board_support.o)
                              ./build/sama5d4-xplained/ddram/target/common/bootstrap.o (board_cfg_lowlevel)
./build/sama5d4-xplained/ddram/target/target.a(board_timer.o)
                              ./build/sama5d4-xplained/ddram/target/target.a(board_support.o) (board_cfg_timer)
./build/sama5d4-xplained/ddram/target/target.a(chip_common.o)
                              ./build/sama5d4-xplained/ddram/target/target.a(board_support.o) (get_tc_id_from_addr)
./build/sama5d4-xplained/ddram/drivers/drivers.a(ddram.o)
                              ./build/sama5d4-xplained/ddram/target/target.a(board_support.o) (ddram_init_descriptor)
./build/sama5d4-xplained/ddram/drivers/drivers.a(mpddrc.o)
                              ./build/sama5d4-xplained/ddram/drivers/drivers.a(ddram.o) (mpddrc_configure)
./build/sama5d4-xplained/ddram/drivers/drivers.a(pio3.o)
                              ./build/sama5d4-xplained/ddram/target/target.a(board_support.o) (pio_configure)
./build/sama5d4-xplained/ddram/drivers/drivers.a(irq.o)
                              ./build/sama5d4-xplained/ddram/target/target.a(board_support.o) (irq_initialize)
./build/sama5d4-xplained/ddram/drivers/drivers.a(l2cache_l2cc.o)
                              ./build/sama5d4-xplained/ddram/target/target.a(board_support.o) (l2cc_configure)
./build/sama5d4-xplained/ddram/drivers/drivers.a(matrix.o)
                              ./build/sama5d4-xplained/ddram/target/target.a(board_support.o) (matrix_configure_slave_sec)
./build/sama5d4-xplained/ddram/drivers/drivers.a(pmc.o)
                              ./build/sama5d4-xplained/ddram/drivers/drivers.a(pio3.o) (pmc_get_slow_clock)
./build/sama5d4-xplained/ddram/drivers/drivers.a(slowclock_sckc.o)
                              ./build/sama5d4-xplained/ddram/drivers/drivers.a(pmc.o) (slowclock_is_internal)
./build/sama5d4-xplained/ddram/drivers/drivers.a(wdt.o)
                              ./build/sama5d4-xplained/ddram/target/target.a(board_support.o) (wdt_disable)
./build/sama5d4-xplained/ddram/drivers/drivers.a(act8865.o)
                              ./build/sama5d4-xplained/ddram/target/target.a(board_support.o) (act8865_check_twi_status)
./build/sama5d4-xplained/ddram/drivers/drivers.a(console.o)
                              ./build/sama5d4-xplained/ddram/target/target.a(board_console.o) (console_configure)
./build/sama5d4-xplained/ddram/drivers/drivers.a(seriald.o)
                              ./build/sama5d4-xplained/ddram/drivers/drivers.a(console.o) (seriald_configure)
./build/sama5d4-xplained/ddram/drivers/drivers.a(usart.o)
                              ./build/sama5d4-xplained/ddram/drivers/drivers.a(seriald.o) (usart_configure)
./build/sama5d4-xplained/ddram/drivers/drivers.a(aic5.o)
                              ./build/sama5d4-xplained/ddram/drivers/drivers.a(irq.o) (aic_initialize)
./build/sama5d4-xplained/ddram/drivers/drivers.a(cache.o)
[...]
Memory Configuration

Name             Origin             Length             Attributes
sram             0x00200000         0x00020000         w !xr
ddr              0x20000000         0x04000000         w !xr
ddr_nocache      0x24000000         0x01000000         xrw
*default*        0x00000000         0xffffffff

Linker script and memory map

LOAD c:/mohan/softwares/compilers/arm/gcc-vas/bin/../lib/gcc/arm-none-eabi/10.3.1/thumb/v7-a+fp/hard/crti.o
LOAD c:/mohan/softwares/compilers/arm/gcc-vas/bin/../lib/gcc/arm-none-eabi/10.3.1/thumb/v7-a+fp/hard/crtbegin.o
LOAD c:/mohan/softwares/compilers/arm/gcc-vas/bin/../lib/gcc/arm-none-eabi/10.3.1/../../../../arm-none-eabi/lib/thumb/v7-a+fp/hard/crt0.o
LOAD c:/mohan/softwares/compilers/arm/gcc-vas/bin/../lib/gcc/arm-none-eabi/10.3.1/thumb/v7-a+fp/hard\libgcc.a
LOAD c:/mohan/softwares/compilers/arm/gcc-vas/bin/../lib/gcc/arm-none-eabi/10.3.1/../../../../arm-none-eabi/lib/thumb/v7-a+fp/hard\libc_nano.a
LOAD c:/mohan/softwares/compilers/arm/gcc-vas/bin/../lib/gcc/arm-none-eabi/10.3.1/../../../../arm-none-eabi/lib/thumb/v7-a+fp/hard\libm.a
LOAD ./build/sama5d4-xplained/ddram/target/common/bootstrap.o
LOAD ./build/sama5d4-xplained/ddram/target/sama5d4/toolchain/gnu/cstartup.o
START GROUP
LOAD ./build/sama5d4-xplained/ddram/arch/arch.a
LOAD ./build/sama5d4-xplained/ddram/utils/utils.a
LOAD ./build/sama5d4-xplained/ddram/target/target.a
LOAD ./build/sama5d4-xplained/ddram/drivers/drivers.a
LOAD ./build/sama5d4-xplained/ddram/lib/lwip.a
END GROUP
START GROUP
LOAD c:/mohan/softwares/compilers/arm/gcc-vas/bin/../lib/gcc/arm-none-eabi/10.3.1/thumb/v7-a+fp/hard\libgcc.a
LOAD c:/mohan/softwares/compilers/arm/gcc-vas/bin/../lib/gcc/arm-none-eabi/10.3.1/../../../../arm-none-eabi/lib/thumb/v7-a+fp/hard\libc_nano.a
END GROUP
START GROUP
LOAD c:/mohan/softwares/compilers/arm/gcc-vas/bin/../lib/gcc/arm-none-eabi/10.3.1/thumb/v7-a+fp/hard\libgcc.a
LOAD c:/mohan/softwares/compilers/arm/gcc-vas/bin/../lib/gcc/arm-none-eabi/10.3.1/../../../../arm-none-eabi/lib/thumb/v7-a+fp/hard\libc_nano.a
END GROUP
LOAD c:/mohan/softwares/compilers/arm/gcc-vas/bin/../lib/gcc/arm-none-eabi/10.3.1/thumb/v7-a+fp/hard/crtend.o
LOAD c:/mohan/softwares/compilers/arm/gcc-vas/bin/../lib/gcc/arm-none-eabi/10.3.1/thumb/v7-a+fp/hard/crtn.o
                0x00000800                C_STACK_SIZE = 0x800
                0x00000060                IRQ_STACK_SIZE = 0x60
                0x00000060                FIQ_STACK_SIZE = 0x60
                0x00000040                SYS_STACK_SIZE = 0x40
                0x00000040                ABT_STACK_SIZE = 0x40
                0x00000040                UND_STACK_SIZE = 0x40
                0x00000200                HEAP_SIZE = 0x200

.fixed0         0x00200000     0x4d9c
                0x00200000                . = ALIGN (0x4)
                0x00200000                _sfixed = .
 *(SORT_BY_ALIGNMENT(.vectors) SORT_BY_ALIGNMENT(.vectors.*))
 .vectors       0x00200000       0x3c ./build/sama5d4-xplained/ddram/target/sama5d4/toolchain/gnu/cstartup.o
 *(SORT_BY_ALIGNMENT(.textEntry))
 .textEntry     0x0020003c      0x118 ./build/sama5d4-xplained/ddram/target/sama5d4/toolchain/gnu/cstartup.o
                0x0020003c                entry
 *(SORT_BY_ALIGNMENT(.text) SORT_BY_ALIGNMENT(.text.*) SORT_BY_ALIGNMENT(.gnu.linkonce.t.*))
 *fill*         0x00200154        0xc 
 .text          0x00200160       0xa4 ./build/sama5d4-xplained/ddram/target/sama5d4/toolchain/gnu/cstartup.o
 *fill*         0x00200204        0xc 
 .text          0x00200210       0xa0 c:/mohan/softwares/compilers/arm/gcc-vas/bin/../lib/gcc/arm-none-eabi/10.3.1/../../../../arm-none-eabi/lib/thumb/v7-a+fp/hard\libc_nano.a(lib_a-memchr.o)
                0x00200210                memchr
 .text          0x002002b0      0x278 c:/mohan/softwares/compilers/arm/gcc-vas/bin/../lib/gcc/arm-none-eabi/10.3.1/thumb/v7-a+fp/hard\libgcc.a(_udivsi3.o)
                0x002002b0                __aeabi_uidiv
                0x002002b0                __udivsi3
                0x0020050c                __aeabi_uidivmod
 .text          0x00200528      0x2b0 c:/mohan/softwares/compilers/arm/gcc-vas/bin/../lib/gcc/arm-none-eabi/10.3.1/thumb/v7-a+fp/hard\libgcc.a(_divsi3.o)
                0x00200528                __divsi3
                0x00200528                __aeabi_idiv
                0x002007bc                __aeabi_idivmod
 .text          0x002007d8       0x50 c:/mohan/softwares/compilers/arm/gcc-vas/bin/../lib/gcc/arm-none-eabi/10.3.1/thumb/v7-a+fp/hard/crtbegin.o
 .text.__libc_init_array
                0x00200828       0x48 c:/mohan/softwares/compilers/arm/gcc-vas/bin/../lib/gcc/arm-none-eabi/10.3.1/../../../../arm-none-eabi/lib/thumb/v7-a+fp/hard\libc_nano.a(lib_a-init.o)
                0x00200828                __libc_init_array
 .text.board_init
                0x00200870       0x20 ./build/sama5d4-xplained/ddram/target/common/bootstrap.o
                0x00200870                board_init
 .text.startup.main
                0x00200890       0x38 ./build/sama5d4-xplained/ddram/target/common/bootstrap.o
                0x00200890                main
 .text.undefined_instruction_irq_handler
                0x002008c8        0x4 ./build/sama5d4-xplained/ddram/arch/arch.a(fault_handlers.o)
                0x002008c8                undefined_instruction_irq_handler
 .text.software_interrupt_irq_handler
                0x002008cc        0x4 ./build/sama5d4-xplained/ddram/arch/arch.a(fault_handlers.o)
                0x002008cc                software_interrupt_irq_handler
 .text.data_abort_irq_handler
                0x002008d0        0x4 ./build/sama5d4-xplained/ddram/arch/arch.a(fault_handlers.o)
                0x002008d0                data_abort_irq_handler
 .text.prefetch_abort_irq_handler
                0x002008d4        0x4 ./build/sama5d4-xplained/ddram/arch/arch.a(fault_handlers.o)
                0x002008d4                prefetch_abort_irq_handler
 .text.startup._disable_io_buffering
                0x002008d8       0x20 ./build/sama5d4-xplained/ddram/utils/utils.a(syscalls.o)
 .text._sbrk    0x002008f8       0x40 ./build/sama5d4-xplained/ddram/utils/utils.a(syscalls.o)
                0x002008f8                _sbrk
 .text._getpid  0x00200938        0x8 ./build/sama5d4-xplained/ddram/utils/utils.a(syscalls.o)
                0x00200938                _getpid
 .text._kill    0x00200940        0x4 ./build/sama5d4-xplained/ddram/utils/utils.a(syscalls.o)
                0x00200940                _kill
 .text._exit    0x00200944       0x18 ./build/sama5d4-xplained/ddram/utils/utils.a(syscalls.o)
                0x00200944                _exit
 .text._fstat   0x0020095c       0x10 ./build/sama5d4-xplained/ddram/utils/utils.a(syscalls.o)
                0x0020095c                _fstat
 .text._lseek   0x0020096c        0x8 ./build/sama5d4-xplained/ddram/utils/utils.a(syscalls.o)
                0x0020096c                _lseek
 .text._isatty  0x00200974        0x8 ./build/sama5d4-xplained/ddram/utils/utils.a(syscalls.o)
                0x00200974                _isatty
 .text._read    0x0020097c        0x8 ./build/sama5d4-xplained/ddram/utils/utils.a(syscalls.o)
                0x0020097c                _read
 .text._write   0x00200984       0x30 ./build/sama5d4-xplained/ddram/utils/utils.a(syscalls.o)
                0x00200984                _write
 .text._close   0x002009b4        0x8 ./build/sama5d4-xplained/ddram/utils/utils.a(syscalls.o)
                0x002009b4                _close
 .text.board_cfg_console
                0x002009bc       0x5c ./build/sama5d4-xplained/ddram/target/target.a(board_console.o)
                0x002009bc                board_cfg_console
 .text.get_board_name
                0x00200a18        0xc ./build/sama5d4-xplained/ddram/target/target.a(board_support.o)
                0x00200a18                get_board_name
 .text.board_cfg_clocks
                0x00200a24       0x58 ./build/sama5d4-xplained/ddram/target/target.a(board_support.o)
                0x00200a24                board_cfg_clocks
 .text.board_cfg_mmu
                0x00200a7c      0x1b0 ./build/sama5d4-xplained/ddram/target/target.a(board_support.o)
                0x00200a7c                board_cfg_mmu
 .text.board_cfg_matrix_for_ddr
                0x00200c2c       0xb4 ./build/sama5d4-xplained/ddram/target/target.a(board_support.o)
                0x00200c2c                board_cfg_matrix_for_ddr
 .text.board_cfg_ddram
                0x00200ce0       0x28 ./build/sama5d4-xplained/ddram/target/target.a(board_support.o)
                0x00200ce0                board_cfg_ddram
 .text.board_cfg_lowlevel
                0x00200d08       0x58 ./build/sama5d4-xplained/ddram/target/target.a(board_support.o)
                0x00200d08                board_cfg_lowlevel
 .text.board_cfg_timer
                0x00200d60       0x14 ./build/sama5d4-xplained/ddram/target/target.a(board_timer.o)
                0x00200d60                board_cfg_timer
 .text.get_tc_id_from_addr
                0x00200d74       0x44 ./build/sama5d4-xplained/ddram/target/target.a(chip_common.o)
                0x00200d74                get_tc_id_from_addr
 .text.get_usart_id_from_addr
                0x00200db8       0x6c ./build/sama5d4-xplained/ddram/target/target.a(chip_common.o)
                0x00200db8                get_usart_id_from_addr
 .text.ddram_init_descriptor
                0x00200e24      0x16c ./build/sama5d4-xplained/ddram/drivers/drivers.a(ddram.o)
                0x00200e24                ddram_init_descriptor
 .text.ddram_configure
                0x00200f90       0x40 ./build/sama5d4-xplained/ddram/drivers/drivers.a(ddram.o)
                0x00200f90                ddram_configure
 .text._set_ddr_timings
                0x00200fd0       0xfc ./build/sama5d4-xplained/ddram/drivers/drivers.a(mpddrc.o)
 .text._send_ddr_cmd
                0x002010cc       0x24 ./build/sama5d4-xplained/ddram/drivers/drivers.a(mpddrc.o)
 .text._send_ext_lmr_cmd
                0x002010f0       0x2c ./build/sama5d4-xplained/ddram/drivers/drivers.a(mpddrc.o)
 .text._send_lpddr2_cmd
                0x0020111c       0x2c ./build/sama5d4-xplained/ddram/drivers/drivers.a(mpddrc.o)
 .text.mpddrc_configure
                0x00201148      0x25c ./build/sama5d4-xplained/ddram/drivers/drivers.a(mpddrc.o)
                0x00201148                mpddrc_configure
 .text._pio_has_group
                0x002013a4        0x8 ./build/sama5d4-xplained/ddram/drivers/drivers.a(pio3.o)
 .text._pio_get_instance.part.0
                0x002013ac       0x2c ./build/sama5d4-xplained/ddram/drivers/drivers.a(pio3.o)
 .text._pio_get_instance
                0x002013d8       0x20 ./build/sama5d4-xplained/ddram/drivers/drivers.a(pio3.o)
 .text.pio_configure
                0x002013f8      0x294 ./build/sama5d4-xplained/ddram/drivers/drivers.a(pio3.o)
                0x002013f8                pio_configure
 .text.pio_reset_all_it
                0x0020168c       0x3c ./build/sama5d4-xplained/ddram/drivers/drivers.a(pio3.o)
                0x0020168c                pio_reset_all_it
 .text._default_irq_handler
                0x002016c8       0x4c ./build/sama5d4-xplained/ddram/drivers/drivers.a(irq.o)
 .text.irq_initialize
                0x00201714       0x4c ./build/sama5d4-xplained/ddram/drivers/drivers.a(irq.o)
                0x00201714                irq_initialize
 .text.irq_add_handler
                0x00201760       0x80 ./build/sama5d4-xplained/ddram/drivers/drivers.a(irq.o)
                0x00201760                irq_add_handler
 .text.irq_enable
                0x002017e0        0x4 ./build/sama5d4-xplained/ddram/drivers/drivers.a(irq.o)
                0x002017e0                irq_enable
 .text.irq_disable
                0x002017e4        0x4 ./build/sama5d4-xplained/ddram/drivers/drivers.a(irq.o)
                0x002017e4                irq_disable
 .text.l2cache_is_enabled
                0x002017e8       0x10 ./build/sama5d4-xplained/ddram/drivers/drivers.a(l2cache_l2cc.o)
                0x002017e8                l2cache_is_enabled
 .text.l2cc_invalidate_pal
                0x002017f8       0x20 ./build/sama5d4-xplained/ddram/drivers/drivers.a(l2cache_l2cc.o)
                0x002017f8                l2cc_invalidate_pal
 .text.l2cc_clean_pal
                0x00201818       0x20 ./build/sama5d4-xplained/ddram/drivers/drivers.a(l2cache_l2cc.o)
                0x00201818                l2cc_clean_pal
 .text.l2cache_invalidate_region
                0x00201838       0x64 ./build/sama5d4-xplained/ddram/drivers/drivers.a(l2cache_l2cc.o)
                0x00201838                l2cache_invalidate_region
 .text.l2cache_clean_region
                0x0020189c       0x64 ./build/sama5d4-xplained/ddram/drivers/drivers.a(l2cache_l2cc.o)
                0x0020189c                l2cache_clean_region
 .text.matrix_master_priority_for_slave
                0x00201900       0x80 ./build/sama5d4-xplained/ddram/drivers/drivers.a(matrix.o)
                0x00201900                matrix_master_priority_for_slave
 .text.matrix_configure_slave_sec
                0x00201980       0x18 ./build/sama5d4-xplained/ddram/drivers/drivers.a(matrix.o)
                0x00201980                matrix_configure_slave_sec
 .text.matrix_set_slave_split_addr
                0x00201998       0x44 ./build/sama5d4-xplained/ddram/drivers/drivers.a(matrix.o)
                0x00201998                matrix_set_slave_split_addr
 .text.matrix_set_slave_region_size
                0x002019dc       0x68 ./build/sama5d4-xplained/ddram/drivers/drivers.a(matrix.o)
                0x002019dc                matrix_set_slave_region_size
 .text.matrix_is_peripheral_secured
                0x00201a44       0x24 ./build/sama5d4-xplained/ddram/drivers/drivers.a(matrix.o)
                0x00201a44                matrix_is_peripheral_secured
 .text.matrix_remove_write_protection
                0x00201a68       0x10 ./build/sama5d4-xplained/ddram/drivers/drivers.a(matrix.o)
                0x00201a68                matrix_remove_write_protection
 .text.matrix_remap_ram
                0x00201a78       0x50 ./build/sama5d4-xplained/ddram/drivers/drivers.a(matrix.o)
                0x00201a78                matrix_remap_ram
 .text.matrix_set_default_config
                0x00201ac8      0x110 ./build/sama5d4-xplained/ddram/drivers/drivers.a(matrix.o)
                0x00201ac8                matrix_set_default_config
 .text._pmc_measure_main_osc_freq.constprop.0
                0x00201bd8       0x60 ./build/sama5d4-xplained/ddram/drivers/drivers.a(pmc.o)
 .text.pmc_get_slow_clock
                0x00201c38        0x8 ./build/sama5d4-xplained/ddram/drivers/drivers.a(pmc.o)
                0x00201c38                pmc_get_slow_clock
 .text.pmc_get_main_clock
                0x00201c40       0x28 ./build/sama5d4-xplained/ddram/drivers/drivers.a(pmc.o)
                0x00201c40                pmc_get_main_clock
 .text.pmc_get_plla_clock
                0x00201c68       0x58 ./build/sama5d4-xplained/ddram/drivers/drivers.a(pmc.o)
                0x00201c68                pmc_get_plla_clock
 .text.pmc_get_master_clock
                0x00201cc0       0xf8 ./build/sama5d4-xplained/ddram/drivers/drivers.a(pmc.o)
                0x00201cc0                pmc_get_master_clock
 .text.pmc_get_processor_clock
                0x00201db8       0x44 ./build/sama5d4-xplained/ddram/drivers/drivers.a(pmc.o)
                0x00201db8                pmc_get_processor_clock
 .text.pmc_enable_external_osc
                0x00201dfc       0xf8 ./build/sama5d4-xplained/ddram/drivers/drivers.a(pmc.o)
                0x00201dfc                pmc_enable_external_osc
 .text.pmc_select_external_osc
                0x00201ef4       0xf0 ./build/sama5d4-xplained/ddram/drivers/drivers.a(pmc.o)
                0x00201ef4                pmc_select_external_osc
 .text.pmc_disable_external_osc
                0x00201fe4       0x34 ./build/sama5d4-xplained/ddram/drivers/drivers.a(pmc.o)
                0x00201fe4                pmc_disable_external_osc
 .text.pmc_select_internal_osc
                0x00202018       0x44 ./build/sama5d4-xplained/ddram/drivers/drivers.a(pmc.o)
                0x00202018                pmc_select_internal_osc
 .text.pmc_switch_mck_to_new_source
                0x0020205c       0x48 ./build/sama5d4-xplained/ddram/drivers/drivers.a(pmc.o)
                0x0020205c                pmc_switch_mck_to_new_source
 .text.pmc_switch_mck_to_pll
                0x002020a4       0x38 ./build/sama5d4-xplained/ddram/drivers/drivers.a(pmc.o)
                0x002020a4                pmc_switch_mck_to_pll
 .text.pmc_switch_mck_to_main
                0x002020dc       0x38 ./build/sama5d4-xplained/ddram/drivers/drivers.a(pmc.o)
                0x002020dc                pmc_switch_mck_to_main
 .text.pmc_switch_mck_to_slck
                0x00202114       0x34 ./build/sama5d4-xplained/ddram/drivers/drivers.a(pmc.o)
                0x00202114                pmc_switch_mck_to_slck
 .text.pmc_set_main_oscillator_freq.part.0
                0x00202148      0x170 ./build/sama5d4-xplained/ddram/drivers/drivers.a(pmc.o)
 .text.pmc_set_main_oscillator_freq
                0x002022b8       0x18 ./build/sama5d4-xplained/ddram/drivers/drivers.a(pmc.o)
                0x002022b8                pmc_set_main_oscillator_freq
 .text.pmc_set_mck_prescaler
                0x002022d0       0x54 ./build/sama5d4-xplained/ddram/drivers/drivers.a(pmc.o)
                0x002022d0                pmc_set_mck_prescaler
 .text.pmc_set_mck_plladiv2
                0x00202324       0x48 ./build/sama5d4-xplained/ddram/drivers/drivers.a(pmc.o)
                0x00202324                pmc_set_mck_plladiv2
 .text.pmc_set_mck_h32mxdiv
                0x0020236c       0x48 ./build/sama5d4-xplained/ddram/drivers/drivers.a(pmc.o)
                0x0020236c                pmc_set_mck_h32mxdiv
 .text.pmc_set_mck_divider
                0x002023b4       0x54 ./build/sama5d4-xplained/ddram/drivers/drivers.a(pmc.o)
                0x002023b4                pmc_set_mck_divider
 .text.pmc_configure_plla
                0x00202408       0x50 ./build/sama5d4-xplained/ddram/drivers/drivers.a(pmc.o)
                0x00202408                pmc_configure_plla
 .text.pmc_enable_system_clock
                0x00202458       0x60 ./build/sama5d4-xplained/ddram/drivers/drivers.a(pmc.o)
                0x00202458                pmc_enable_system_clock
 .text.pmc_enable_peripheral
                0x002024b8       0x5c ./build/sama5d4-xplained/ddram/drivers/drivers.a(pmc.o)
                0x002024b8                pmc_enable_peripheral
 .text.pmc_disable_peripheral
                0x00202514       0x54 ./build/sama5d4-xplained/ddram/drivers/drivers.a(pmc.o)
                0x00202514                pmc_disable_peripheral
 .text.pmc_configure_peripheral
                0x00202568       0x4c ./build/sama5d4-xplained/ddram/drivers/drivers.a(pmc.o)
                0x00202568                pmc_configure_peripheral
 .text.pmc_is_peripheral_enabled
                0x002025b4       0x54 ./build/sama5d4-xplained/ddram/drivers/drivers.a(pmc.o)
                0x002025b4                pmc_is_peripheral_enabled
 .text.pmc_get_peripheral_clock
                0x00202608       0x48 ./build/sama5d4-xplained/ddram/drivers/drivers.a(pmc.o)
                0x00202608                pmc_get_peripheral_clock
 .text.slowclock_get_clock
                0x00202650       0x1c ./build/sama5d4-xplained/ddram/drivers/drivers.a(slowclock_sckc.o)
                0x00202650                slowclock_get_clock
 .text.wdt_disable
                0x0020266c       0x14 ./build/sama5d4-xplained/ddram/drivers/drivers.a(wdt.o)
                0x0020266c                wdt_disable
 .text.console_configure
                0x00202680       0x7c ./build/sama5d4-xplained/ddram/drivers/drivers.a(console.o)
                0x00202680                console_configure
 .text.console_put_char
                0x002026fc       0x10 ./build/sama5d4-xplained/ddram/drivers/drivers.a(console.o)
                0x002026fc                console_put_char
 .text.console_put_string
                0x0020270c       0x10 ./build/sama5d4-xplained/ddram/drivers/drivers.a(console.o)
                0x0020270c                console_put_string
 .text.console_clear_screen
                0x0020271c        0xc ./build/sama5d4-xplained/ddram/drivers/drivers.a(console.o)
                0x0020271c                console_clear_screen
 .text.console_reset_cursor
                0x00202728        0xc ./build/sama5d4-xplained/ddram/drivers/drivers.a(console.o)
                0x00202728                console_reset_cursor
 .text.console_example_info
                0x00202734      0x128 ./build/sama5d4-xplained/ddram/drivers/drivers.a(console.o)
                0x00202734                console_example_info
 .text.seriald_configure
                0x0020285c       0x74 ./build/sama5d4-xplained/ddram/drivers/drivers.a(seriald.o)
                0x0020285c                seriald_configure
 .text.seriald_put_char
                0x002028d0       0x24 ./build/sama5d4-xplained/ddram/drivers/drivers.a(seriald.o)
                0x002028d0                seriald_put_char
 .text.seriald_put_string
                0x002028f4       0x3c ./build/sama5d4-xplained/ddram/drivers/drivers.a(seriald.o)
                0x002028f4                seriald_put_string
 .text.usart_configure
                0x00202930       0x5c ./build/sama5d4-xplained/ddram/drivers/drivers.a(usart.o)
                0x00202930                usart_configure
 .text.usart_enable_it
                0x0020298c        0x8 ./build/sama5d4-xplained/ddram/drivers/drivers.a(usart.o)
                0x0020298c                usart_enable_it
 .text.usart_disable_it
                0x00202994        0x8 ./build/sama5d4-xplained/ddram/drivers/drivers.a(usart.o)
                0x00202994                usart_disable_it
 .text.usart_is_rx_ready
                0x0020299c        0xc ./build/sama5d4-xplained/ddram/drivers/drivers.a(usart.o)
                0x0020299c                usart_is_rx_ready
 .text.usart_is_tx_empty
                0x002029a8        0xc ./build/sama5d4-xplained/ddram/drivers/drivers.a(usart.o)
                0x002029a8                usart_is_tx_empty
 .text.usart_put_char
                0x002029b4       0x14 ./build/sama5d4-xplained/ddram/drivers/drivers.a(usart.o)
                0x002029b4                usart_put_char
 .text.usart_get_char
                0x002029c8       0x14 ./build/sama5d4-xplained/ddram/drivers/drivers.a(usart.o)
                0x002029c8                usart_get_char
 .text.spurious_handler
                0x002029dc        0x4 ./build/sama5d4-xplained/ddram/drivers/drivers.a(aic5.o)
 .text._aic_initialize
                0x002029e0       0x68 ./build/sama5d4-xplained/ddram/drivers/drivers.a(aic5.o)
 .text._get_aic_instance
                0x00202a48       0x4c ./build/sama5d4-xplained/ddram/drivers/drivers.a(aic5.o)
 .text.aic_initialize
                0x00202a94       0x48 ./build/sama5d4-xplained/ddram/drivers/drivers.a(aic5.o)
                0x00202a94                aic_initialize
 .text.aic_enable
                0x00202adc       0x20 ./build/sama5d4-xplained/ddram/drivers/drivers.a(aic5.o)
                0x00202adc                aic_enable
 .text.aic_disable
                0x00202afc       0x20 ./build/sama5d4-xplained/ddram/drivers/drivers.a(aic5.o)
                0x00202afc                aic_disable
 .text.aic_get_current_interrupt_source
                0x00202b1c       0x10 ./build/sama5d4-xplained/ddram/drivers/drivers.a(aic5.o)
                0x00202b1c                aic_get_current_interrupt_source
 .text.cache_invalidate_region
                0x00202b2c       0x50 ./build/sama5d4-xplained/ddram/drivers/drivers.a(cache.o)
                0x00202b2c                cache_invalidate_region
 .text.cache_clean_region
                0x00202b7c       0x50 ./build/sama5d4-xplained/ddram/drivers/drivers.a(cache.o)
                0x00202b7c                cache_clean_region
 .text.icache_invalidate
                0x00202bcc       0x10 ./build/sama5d4-xplained/ddram/arch/arch.a(l1cache_cp15.o)
                0x00202bcc                icache_invalidate
 .text.icache_is_enabled
                0x00202bdc        0xc ./build/sama5d4-xplained/ddram/arch/arch.a(l1cache_cp15.o)
                0x00202bdc                icache_is_enabled
 .text.icache_enable
                0x00202be8       0x20 ./build/sama5d4-xplained/ddram/arch/arch.a(l1cache_cp15.o)
                0x00202be8                icache_enable
 .text.dcache_is_enabled
                0x00202c08       0x18 ./build/sama5d4-xplained/ddram/arch/arch.a(l1cache_cp15.o)
                0x00202c08                dcache_is_enabled
 .text.dcache_invalidate
                0x00202c20       0x34 ./build/sama5d4-xplained/ddram/arch/arch.a(l1cache_cp15.o)
                0x00202c20                dcache_invalidate
 .text.dcache_enable
                0x00202c54       0x48 ./build/sama5d4-xplained/ddram/arch/arch.a(l1cache_cp15.o)
                0x00202c54                dcache_enable
 .text.dcache_invalidate_region
                0x00202c9c       0x48 ./build/sama5d4-xplained/ddram/arch/arch.a(l1cache_cp15.o)
                0x00202c9c                dcache_invalidate_region
 .text.dcache_clean_region
                0x00202ce4       0x48 ./build/sama5d4-xplained/ddram/arch/arch.a(l1cache_cp15.o)
                0x00202ce4                dcache_clean_region
 .text.mmu_configure
                0x00202d2c       0x48 ./build/sama5d4-xplained/ddram/arch/arch.a(mmu_cp15.o)
                0x00202d2c                mmu_configure
 .text.mmu_is_enabled
                0x00202d74        0xc ./build/sama5d4-xplained/ddram/arch/arch.a(mmu_cp15.o)
                0x00202d74                mmu_is_enabled
 .text.mmu_enable
                0x00202d80       0x18 ./build/sama5d4-xplained/ddram/arch/arch.a(mmu_cp15.o)
                0x00202d80                mmu_enable
 .text.timer_update_upper_tick_counter
                0x00202d98       0x2c ./build/sama5d4-xplained/ddram/utils/utils.a(timer.o)
 .text.timer_irq_handler
                0x00202dc4        0x4 ./build/sama5d4-xplained/ddram/utils/utils.a(timer.o)
 .text._timer_get_tick
                0x00202dc8       0x40 ./build/sama5d4-xplained/ddram/utils/utils.a(timer.o)
 .text.timer_configure
                0x00202e08       0xa0 ./build/sama5d4-xplained/ddram/utils/utils.a(timer.o)
                0x00202e08                timer_configure
 .text.usleep   0x00202ea8       0x60 ./build/sama5d4-xplained/ddram/utils/utils.a(timer.o)
                0x00202ea8                usleep
 .text.get_chip_name
                0x00202f08       0x7c ./build/sama5d4-xplained/ddram/target/target.a(chip.o)
                0x00202f08                get_chip_name
 .text.get_peripheral_matrix
                0x00202f84       0x3c ./build/sama5d4-xplained/ddram/target/target.a(chip.o)
                0x00202f84                get_peripheral_matrix
 .text.get_peripheral_clock_matrix_div
                0x00202fc0       0x3c ./build/sama5d4-xplained/ddram/target/target.a(chip.o)
                0x00202fc0                get_peripheral_clock_matrix_div
 .text.tc_configure
                0x00202ffc       0x4c ./build/sama5d4-xplained/ddram/drivers/drivers.a(tc.o)
                0x00202ffc                tc_configure
 .text.tc_start
                0x00203048       0x40 ./build/sama5d4-xplained/ddram/drivers/drivers.a(tc.o)
                0x00203048                tc_start
 .text.tc_enable_it
                0x00203088       0x38 ./build/sama5d4-xplained/ddram/drivers/drivers.a(tc.o)
                0x00203088                tc_enable_it
 .text.tc_get_status
                0x002030c0       0x38 ./build/sama5d4-xplained/ddram/drivers/drivers.a(tc.o)
                0x002030c0                tc_get_status
 .text.tc_get_available_freq
                0x002030f8       0x6c ./build/sama5d4-xplained/ddram/drivers/drivers.a(tc.o)
                0x002030f8                tc_get_available_freq
 .text.tc_get_channel_freq
                0x00203164       0x40 ./build/sama5d4-xplained/ddram/drivers/drivers.a(tc.o)
                0x00203164                tc_get_channel_freq
 .text.tc_get_cv
                0x002031a4       0x38 ./build/sama5d4-xplained/ddram/drivers/drivers.a(tc.o)
                0x002031a4                tc_get_cv
 .text          0x002031dc        0x4 c:/mohan/softwares/compilers/arm/gcc-vas/bin/../lib/gcc/arm-none-eabi/10.3.1/thumb/v7-a+fp/hard\libgcc.a(_dvmd_tls.o)
                0x002031dc                __aeabi_idiv0
                0x002031dc                __aeabi_ldiv0
 .text.__assert_func
                0x002031e0       0x3c c:/mohan/softwares/compilers/arm/gcc-vas/bin/../lib/gcc/arm-none-eabi/10.3.1/../../../../arm-none-eabi/lib/thumb/v7-a+fp/hard\libc_nano.a(lib_a-assert.o)
                0x002031e0                __assert_func
 .text.fprintf  0x0020321c       0x24 c:/mohan/softwares/compilers/arm/gcc-vas/bin/../lib/gcc/arm-none-eabi/10.3.1/../../../../arm-none-eabi/lib/thumb/v7-a+fp/hard\libc_nano.a(lib_a-fprintf.o)
                0x0020321c                fiprintf
                0x0020321c                fprintf
 .text._vfprintf_r
                0x00203240      0x260 c:/mohan/softwares/compilers/arm/gcc-vas/bin/../lib/gcc/arm-none-eabi/10.3.1/../../../../arm-none-eabi/lib/thumb/v7-a+fp/hard\libc_nano.a(lib_a-nano-vfprintf.o)
                0x00203240                _vfprintf_r
                0x00203240                _vfiprintf_r
 .text._printf_i
                0x002034a0      0x250 c:/mohan/softwares/compilers/arm/gcc-vas/bin/../lib/gcc/arm-none-eabi/10.3.1/../../../../arm-none-eabi/lib/thumb/v7-a+fp/hard\libc_nano.a(lib_a-nano-vfprintf_i.o)
                0x002034a0                _printf_i
 .text.printf   0x002036f0       0x30 c:/mohan/softwares/compilers/arm/gcc-vas/bin/../lib/gcc/arm-none-eabi/10.3.1/../../../../arm-none-eabi/lib/thumb/v7-a+fp/hard\libc_nano.a(lib_a-printf.o)
                0x002036f0                iprintf
                0x002036f0                printf
 .text.setvbuf  0x00203720      0x188 c:/mohan/softwares/compilers/arm/gcc-vas/bin/../lib/gcc/arm-none-eabi/10.3.1/../../../../arm-none-eabi/lib/thumb/v7-a+fp/hard\libc_nano.a(lib_a-setvbuf.o)
                0x00203720                setvbuf
 .text.raise    0x002038a8       0x10 c:/mohan/softwares/compilers/arm/gcc-vas/bin/../lib/gcc/arm-none-eabi/10.3.1/../../../../arm-none-eabi/lib/thumb/v7-a+fp/hard\libc_nano.a(lib_a-signal.o)
                0x002038a8                raise
 .text._kill_r  0x002038b8       0x24 c:/mohan/softwares/compilers/arm/gcc-vas/bin/../lib/gcc/arm-none-eabi/10.3.1/../../../../arm-none-eabi/lib/thumb/v7-a+fp/hard\libc_nano.a(lib_a-signalr.o)
                0x002038b8                _kill_r
 .text.__swbuf_r
                0x002038dc       0xa4 c:/mohan/softwares/compilers/arm/gcc-vas/bin/../lib/gcc/arm-none-eabi/10.3.1/../../../../arm-none-eabi/lib/thumb/v7-a+fp/hard\libc_nano.a(lib_a-wbuf.o)
                0x002038dc                __swbuf_r
 .text.__swsetup_r
                0x00203980       0xdc c:/mohan/softwares/compilers/arm/gcc-vas/bin/../lib/gcc/arm-none-eabi/10.3.1/../../../../arm-none-eabi/lib/thumb/v7-a+fp/hard\libc_nano.a(lib_a-wsetup.o)
                0x00203980                __swsetup_r
 .text.__sflush_r
                0x00203a5c      0x10c c:/mohan/softwares/compilers/arm/gcc-vas/bin/../lib/gcc/arm-none-eabi/10.3.1/../../../../arm-none-eabi/lib/thumb/v7-a+fp/hard\libc_nano.a(lib_a-fflush.o)
                0x00203a5c                __sflush_r
 .text._fflush_r
                0x00203b68       0x78 c:/mohan/softwares/compilers/arm/gcc-vas/bin/../lib/gcc/arm-none-eabi/10.3.1/../../../../arm-none-eabi/lib/thumb/v7-a+fp/hard\libc_nano.a(lib_a-fflush.o)
                0x00203b68                _fflush_r
 .text.std      0x00203be0       0x48 c:/mohan/softwares/compilers/arm/gcc-vas/bin/../lib/gcc/arm-none-eabi/10.3.1/../../../../arm-none-eabi/lib/thumb/v7-a+fp/hard\libc_nano.a(lib_a-findfp.o)
 .text._cleanup_r
                0x00203c28        0xc c:/mohan/softwares/compilers/arm/gcc-vas/bin/../lib/gcc/arm-none-eabi/10.3.1/../../../../arm-none-eabi/lib/thumb/v7-a+fp/hard\libc_nano.a(lib_a-findfp.o)
                0x00203c28                _cleanup_r
 .text.__sfp_lock_acquire
                0x00203c34        0xc c:/mohan/softwares/compilers/arm/gcc-vas/bin/../lib/gcc/arm-none-eabi/10.3.1/../../../../arm-none-eabi/lib/thumb/v7-a+fp/hard\libc_nano.a(lib_a-findfp.o)
                0x00203c34                __sfp_lock_acquire
 .text.__sfp_lock_release
                0x00203c40        0xc c:/mohan/softwares/compilers/arm/gcc-vas/bin/../lib/gcc/arm-none-eabi/10.3.1/../../../../arm-none-eabi/lib/thumb/v7-a+fp/hard\libc_nano.a(lib_a-findfp.o)
                0x00203c40                __sfp_lock_release
 .text.__sinit_lock_acquire
                0x00203c4c        0xc c:/mohan/softwares/compilers/arm/gcc-vas/bin/../lib/gcc/arm-none-eabi/10.3.1/../../../../arm-none-eabi/lib/thumb/v7-a+fp/hard\libc_nano.a(lib_a-findfp.o)
                0x00203c4c                __sinit_lock_acquire
 .text.__sinit_lock_release
                0x00203c58        0xc c:/mohan/softwares/compilers/arm/gcc-vas/bin/../lib/gcc/arm-none-eabi/10.3.1/../../../../arm-none-eabi/lib/thumb/v7-a+fp/hard\libc_nano.a(lib_a-findfp.o)
                0x00203c58                __sinit_lock_release
 .text.__sinit  0x00203c64       0x70 c:/mohan/softwares/compilers/arm/gcc-vas/bin/../lib/gcc/arm-none-eabi/10.3.1/../../../../arm-none-eabi/lib/thumb/v7-a+fp/hard\libc_nano.a(lib_a-findfp.o)
                0x00203c64                __sinit
 .text.__sfp    0x00203cd4       0x8c c:/mohan/softwares/compilers/arm/gcc-vas/bin/../lib/gcc/arm-none-eabi/10.3.1/../../../../arm-none-eabi/lib/thumb/v7-a+fp/hard\libc_nano.a(lib_a-findfp.o)
                0x00203cd4                __sfp
 .text.__smakebuf_r
                0x00203d60       0x80 c:/mohan/softwares/compilers/arm/gcc-vas/bin/../lib/gcc/arm-none-eabi/10.3.1/../../../../arm-none-eabi/lib/thumb/v7-a+fp/hard\libc_nano.a(lib_a-makebuf.o)
                0x00203d60                __smakebuf_r
 .text.malloc   0x00203de0       0x10 c:/mohan/softwares/compilers/arm/gcc-vas/bin/../lib/gcc/arm-none-eabi/10.3.1/../../../../arm-none-eabi/lib/thumb/v7-a+fp/hard\libc_nano.a(lib_a-malloc.o)
                0x00203de0                malloc
 .text._free_r  0x00203df0       0x98 c:/mohan/softwares/compilers/arm/gcc-vas/bin/../lib/gcc/arm-none-eabi/10.3.1/../../../../arm-none-eabi/lib/thumb/v7-a+fp/hard\libc_nano.a(lib_a-nano-freer.o)
                0x00203df0                _free_r
 .text.sbrk_aligned
                0x00203e88       0x40 c:/mohan/softwares/compilers/arm/gcc-vas/bin/../lib/gcc/arm-none-eabi/10.3.1/../../../../arm-none-eabi/lib/thumb/v7-a+fp/hard\libc_nano.a(lib_a-nano-mallocr.o)
 .text._malloc_r
                0x00203ec8       0xe4 c:/mohan/softwares/compilers/arm/gcc-vas/bin/../lib/gcc/arm-none-eabi/10.3.1/../../../../arm-none-eabi/lib/thumb/v7-a+fp/hard\libc_nano.a(lib_a-nano-mallocr.o)
                0x00203ec8                _malloc_r
 .text._sbrk_r  0x00203fac       0x20 c:/mohan/softwares/compilers/arm/gcc-vas/bin/../lib/gcc/arm-none-eabi/10.3.1/../../../../arm-none-eabi/lib/thumb/v7-a+fp/hard\libc_nano.a(lib_a-sbrkr.o)
                0x00203fac                _sbrk_r
 .text._write_r
                0x00203fcc       0x24 c:/mohan/softwares/compilers/arm/gcc-vas/bin/../lib/gcc/arm-none-eabi/10.3.1/../../../../arm-none-eabi/lib/thumb/v7-a+fp/hard\libc_nano.a(lib_a-writer.o)
                0x00203fcc                _write_r
 .text._close_r
                0x00203ff0       0x20 c:/mohan/softwares/compilers/arm/gcc-vas/bin/../lib/gcc/arm-none-eabi/10.3.1/../../../../arm-none-eabi/lib/thumb/v7-a+fp/hard\libc_nano.a(lib_a-closer.o)
                0x00203ff0                _close_r
 .text._fstat_r
                0x00204010       0x24 c:/mohan/softwares/compilers/arm/gcc-vas/bin/../lib/gcc/arm-none-eabi/10.3.1/../../../../arm-none-eabi/lib/thumb/v7-a+fp/hard\libc_nano.a(lib_a-fstatr.o)
                0x00204010                _fstat_r
 .text._isatty_r
                0x00204034       0x20 c:/mohan/softwares/compilers/arm/gcc-vas/bin/../lib/gcc/arm-none-eabi/10.3.1/../../../../arm-none-eabi/lib/thumb/v7-a+fp/hard\libc_nano.a(lib_a-isattyr.o)
                0x00204034                _isatty_r
 .text._lseek_r
                0x00204054       0x24 c:/mohan/softwares/compilers/arm/gcc-vas/bin/../lib/gcc/arm-none-eabi/10.3.1/../../../../arm-none-eabi/lib/thumb/v7-a+fp/hard\libc_nano.a(lib_a-lseekr.o)
                0x00204054                _lseek_r
 .text.__malloc_lock
                0x00204078        0xc c:/mohan/softwares/compilers/arm/gcc-vas/bin/../lib/gcc/arm-none-eabi/10.3.1/../../../../arm-none-eabi/lib/thumb/v7-a+fp/hard\libc_nano.a(lib_a-mlock.o)
                0x00204078                __malloc_lock
 .text.__malloc_unlock
                0x00204084        0xc c:/mohan/softwares/compilers/arm/gcc-vas/bin/../lib/gcc/arm-none-eabi/10.3.1/../../../../arm-none-eabi/lib/thumb/v7-a+fp/hard\libc_nano.a(lib_a-mlock.o)
                0x00204084                __malloc_unlock
 .text._read_r  0x00204090       0x24 c:/mohan/softwares/compilers/arm/gcc-vas/bin/../lib/gcc/arm-none-eabi/10.3.1/../../../../arm-none-eabi/lib/thumb/v7-a+fp/hard\libc_nano.a(lib_a-readr.o)
                0x00204090                _read_r
 .text.memset   0x002040b4       0x10 c:/mohan/softwares/compilers/arm/gcc-vas/bin/../lib/gcc/arm-none-eabi/10.3.1/../../../../arm-none-eabi/lib/thumb/v7-a+fp/hard\libc_nano.a(lib_a-memset.o)
                0x002040b4                memset
 .text.abort    0x002040c4        0xe c:/mohan/softwares/compilers/arm/gcc-vas/bin/../lib/gcc/arm-none-eabi/10.3.1/../../../../arm-none-eabi/lib/thumb/v7-a+fp/hard\libc_nano.a(lib_a-abort.o)
                0x002040c4                abort
 .text.__sfputc_r
                0x002040d2       0x2e c:/mohan/softwares/compilers/arm/gcc-vas/bin/../lib/gcc/arm-none-eabi/10.3.1/../../../../arm-none-eabi/lib/thumb/v7-a+fp/hard\libc_nano.a(lib_a-nano-vfprintf.o)
 .text.__sfputs_r
                0x00204100       0x24 c:/mohan/softwares/compilers/arm/gcc-vas/bin/../lib/gcc/arm-none-eabi/10.3.1/../../../../arm-none-eabi/lib/thumb/v7-a+fp/hard\libc_nano.a(lib_a-nano-vfprintf.o)
                0x00204100                __sfputs_r
 .text._printf_common
                0x00204124       0xe4 c:/mohan/softwares/compilers/arm/gcc-vas/bin/../lib/gcc/arm-none-eabi/10.3.1/../../../../arm-none-eabi/lib/thumb/v7-a+fp/hard\libc_nano.a(lib_a-nano-vfprintf_i.o)
                0x00204124                _printf_common
 .text._raise_r
                0x00204208       0x50 c:/mohan/softwares/compilers/arm/gcc-vas/bin/../lib/gcc/arm-none-eabi/10.3.1/../../../../arm-none-eabi/lib/thumb/v7-a+fp/hard\libc_nano.a(lib_a-signal.o)
                0x00204208                _raise_r
 .text._getpid_r
                0x00204258        0x4 c:/mohan/softwares/compilers/arm/gcc-vas/bin/../lib/gcc/arm-none-eabi/10.3.1/../../../../arm-none-eabi/lib/thumb/v7-a+fp/hard\libc_nano.a(lib_a-signalr.o)
                0x00204258                _getpid_r
 .text.__sfmoreglue
                0x0020425c       0x2c c:/mohan/softwares/compilers/arm/gcc-vas/bin/../lib/gcc/arm-none-eabi/10.3.1/../../../../arm-none-eabi/lib/thumb/v7-a+fp/hard\libc_nano.a(lib_a-findfp.o)
                0x0020425c                __sfmoreglue
 .text._fwalk_reent
                0x00204288       0x3e c:/mohan/softwares/compilers/arm/gcc-vas/bin/../lib/gcc/arm-none-eabi/10.3.1/../../../../arm-none-eabi/lib/thumb/v7-a+fp/hard\libc_nano.a(lib_a-fwalk.o)
                0x00204288                _fwalk_reent
 .text.__retarget_lock_init_recursive
                0x002042c6        0x2 c:/mohan/softwares/compilers/arm/gcc-vas/bin/../lib/gcc/arm-none-eabi/10.3.1/../../../../arm-none-eabi/lib/thumb/v7-a+fp/hard\libc_nano.a(lib_a-lock.o)
                0x002042c6                __retarget_lock_init_recursive
 .text.__retarget_lock_acquire_recursive
                0x002042c8        0x2 c:/mohan/softwares/compilers/arm/gcc-vas/bin/../lib/gcc/arm-none-eabi/10.3.1/../../../../arm-none-eabi/lib/thumb/v7-a+fp/hard\libc_nano.a(lib_a-lock.o)
                0x002042c8                __retarget_lock_acquire_recursive
 .text.__retarget_lock_release_recursive
                0x002042ca        0x2 c:/mohan/softwares/compilers/arm/gcc-vas/bin/../lib/gcc/arm-none-eabi/10.3.1/../../../../arm-none-eabi/lib/thumb/v7-a+fp/hard\libc_nano.a(lib_a-lock.o)
                0x002042ca                __retarget_lock_release_recursive
 .text.__swhatbuf_r
                0x002042cc       0x4a c:/mohan/softwares/compilers/arm/gcc-vas/bin/../lib/gcc/arm-none-eabi/10.3.1/../../../../arm-none-eabi/lib/thumb/v7-a+fp/hard\libc_nano.a(lib_a-makebuf.o)
                0x002042cc                __swhatbuf_r
 .text.__sread  0x00204316       0x22 c:/mohan/softwares/compilers/arm/gcc-vas/bin/../lib/gcc/arm-none-eabi/10.3.1/../../../../arm-none-eabi/lib/thumb/v7-a+fp/hard\libc_nano.a(lib_a-stdio.o)
                0x00204316                __sread
 .text.__swrite
                0x00204338       0x38 c:/mohan/softwares/compilers/arm/gcc-vas/bin/../lib/gcc/arm-none-eabi/10.3.1/../../../../arm-none-eabi/lib/thumb/v7-a+fp/hard\libc_nano.a(lib_a-stdio.o)
                0x00204338                __swrite
 .text.__sseek  0x00204370       0x24 c:/mohan/softwares/compilers/arm/gcc-vas/bin/../lib/gcc/arm-none-eabi/10.3.1/../../../../arm-none-eabi/lib/thumb/v7-a+fp/hard\libc_nano.a(lib_a-stdio.o)
                0x00204370                __sseek
 .text.__sclose
                0x00204394        0x8 c:/mohan/softwares/compilers/arm/gcc-vas/bin/../lib/gcc/arm-none-eabi/10.3.1/../../../../arm-none-eabi/lib/thumb/v7-a+fp/hard\libc_nano.a(lib_a-stdio.o)
                0x00204394                __sclose
 *(SORT_BY_ALIGNMENT(.glue_7t))
 .glue_7t       0x0020439c        0x0 linker stubs
 *(SORT_BY_ALIGNMENT(.glue_7))
 .glue_7        0x0020439c        0x0 linker stubs
 *(SORT_BY_ALIGNMENT(.rodata) SORT_BY_ALIGNMENT(.rodata*) SORT_BY_ALIGNMENT(.gnu.linkonce.r.*))
 .rodata._global_impure_ptr
                0x0020439c        0x4 c:/mohan/softwares/compilers/arm/gcc-vas/bin/../lib/gcc/arm-none-eabi/10.3.1/../../../../arm-none-eabi/lib/thumb/v7-a+fp/hard\libc_nano.a(lib_a-impure.o)
                0x0020439c                _global_impure_ptr
 .rodata.rx_pin.1
                0x002043a0       0x10 ./build/sama5d4-xplained/ddram/target/target.a(board_console.o)
 .rodata.tx_pin.0
                0x002043b0       0x10 ./build/sama5d4-xplained/ddram/target/target.a(board_console.o)
 .rodata        0x002043c0      0x16c ./build/sama5d4-xplained/ddram/target/target.a(board_support.o)
 .rodata.CSWTCH.33
                0x0020452c       0x14 ./build/sama5d4-xplained/ddram/drivers/drivers.a(pio3.o)
 .rodata.seriald_ops_usart
                0x00204540       0x24 ./build/sama5d4-xplained/ddram/drivers/drivers.a(seriald.o)
 .rodata._exid_names
                0x00204564       0x20 ./build/sama5d4-xplained/ddram/target/target.a(chip.o)
 .rodata.__sf_fake_stderr
                0x00204584       0x20 c:/mohan/softwares/compilers/arm/gcc-vas/bin/../lib/gcc/arm-none-eabi/10.3.1/../../../../arm-none-eabi/lib/thumb/v7-a+fp/hard\libc_nano.a(lib_a-findfp.o)
                0x00204584                __sf_fake_stderr
 .rodata.__sf_fake_stdin
                0x002045a4       0x20 c:/mohan/softwares/compilers/arm/gcc-vas/bin/../lib/gcc/arm-none-eabi/10.3.1/../../../../arm-none-eabi/lib/thumb/v7-a+fp/hard\libc_nano.a(lib_a-findfp.o)
                0x002045a4                __sf_fake_stdin
 .rodata.__sf_fake_stdout
                0x002045c4       0x20 c:/mohan/softwares/compilers/arm/gcc-vas/bin/../lib/gcc/arm-none-eabi/10.3.1/../../../../arm-none-eabi/lib/thumb/v7-a+fp/hard\libc_nano.a(lib_a-findfp.o)
                0x002045c4                __sf_fake_stdout
 .rodata.CSWTCH.24
                0x002045e4       0x10 ./build/sama5d4-xplained/ddram/drivers/drivers.a(pmc.o)
 .rodata.main.str1.1
                0x002045f4       0x10 ./build/sama5d4-xplained/ddram/target/common/bootstrap.o
 .rodata._exit.str1.1
                0x00204604       0x24 ./build/sama5d4-xplained/ddram/utils/utils.a(syscalls.o)
 .rodata.get_board_name.str1.1
                0x00204628        0xd ./build/sama5d4-xplained/ddram/target/target.a(board_support.o)
 .rodata.ddram_init_descriptor.str1.1
                0x00204635       0x1d ./build/sama5d4-xplained/ddram/drivers/drivers.a(ddram.o)
 .rodata.ddram_configure.str1.1
                0x00204652       0x32 ./build/sama5d4-xplained/ddram/drivers/drivers.a(ddram.o)
 .rodata.__func__.0
                0x00204684       0x10 ./build/sama5d4-xplained/ddram/drivers/drivers.a(ddram.o)
 .rodata.mpddrc_configure.str1.1
                0x00204694       0x1d ./build/sama5d4-xplained/ddram/drivers/drivers.a(mpddrc.o)
 .rodata._pio_get_instance.part.0.str1.1
                0x002046b1       0x17 ./build/sama5d4-xplained/ddram/drivers/drivers.a(pio3.o)
 .rodata.pio_configure.str1.1
                0x002046c8       0xe1 ./build/sama5d4-xplained/ddram/drivers/drivers.a(pio3.o)
 .rodata.CSWTCH.35
                0x002047a9        0x5 ./build/sama5d4-xplained/ddram/drivers/drivers.a(pio3.o)
 .rodata.__func__.4
                0x002047ae        0xe ./build/sama5d4-xplained/ddram/drivers/drivers.a(pio3.o)
 .rodata.irq_add_handler.str1.1
                0x002047bc       0x2a ./build/sama5d4-xplained/ddram/drivers/drivers.a(irq.o)
 .rodata.__func__.0
                0x002047e6        0xf ./build/sama5d4-xplained/ddram/drivers/drivers.a(irq.o)
 .rodata.l2cache_set_exclusive.str1.1
                0x002047f5       0x36 ./build/sama5d4-xplained/ddram/drivers/drivers.a(l2cache_l2cc.o)
 .rodata.l2cache_invalidate_region.str1.1
                0x0020482b        0xc ./build/sama5d4-xplained/ddram/drivers/drivers.a(l2cache_l2cc.o)
 .rodata.__func__.2
                0x00204837       0x15 ./build/sama5d4-xplained/ddram/drivers/drivers.a(l2cache_l2cc.o)
 .rodata.__func__.3
                0x0020484c       0x1a ./build/sama5d4-xplained/ddram/drivers/drivers.a(l2cache_l2cc.o)
 .rodata.matrix_master_priority_for_slave.str1.1
                0x00204866       0x2d ./build/sama5d4-xplained/ddram/drivers/drivers.a(matrix.o)
 .rodata.matrix_set_slave_region_size.str1.1
                0x00204893        0xe ./build/sama5d4-xplained/ddram/drivers/drivers.a(matrix.o)
 .rodata.__func__.0
                0x002048a1       0x1d ./build/sama5d4-xplained/ddram/drivers/drivers.a(matrix.o)
 .rodata.__func__.1
                0x002048be       0x21 ./build/sama5d4-xplained/ddram/drivers/drivers.a(matrix.o)
 .rodata.pmc_set_mck_prescaler.str1.1
                0x002048df       0x42 ./build/sama5d4-xplained/ddram/drivers/drivers.a(pmc.o)
 .rodata.pmc_set_mck_divider.str1.1
                0x00204921       0x20 ./build/sama5d4-xplained/ddram/drivers/drivers.a(pmc.o)
 .rodata.pmc_enable_system_clock.str1.1
                0x00204941       0x44 ./build/sama5d4-xplained/ddram/drivers/drivers.a(pmc.o)
 .rodata.pmc_enable_peripheral.str1.1
                0x00204985       0x15 ./build/sama5d4-xplained/ddram/drivers/drivers.a(pmc.o)
 .rodata.__func__.10
                0x0020499a       0x16 ./build/sama5d4-xplained/ddram/drivers/drivers.a(pmc.o)
 .rodata.__func__.4
                0x002049b0       0x19 ./build/sama5d4-xplained/ddram/drivers/drivers.a(pmc.o)
 .rodata.__func__.5
                0x002049c9       0x1a ./build/sama5d4-xplained/ddram/drivers/drivers.a(pmc.o)
 .rodata.__func__.6
                0x002049e3       0x17 ./build/sama5d4-xplained/ddram/drivers/drivers.a(pmc.o)
 .rodata.__func__.7
                0x002049fa       0x16 ./build/sama5d4-xplained/ddram/drivers/drivers.a(pmc.o)
 .rodata.__func__.8
                0x00204a10       0x19 ./build/sama5d4-xplained/ddram/drivers/drivers.a(pmc.o)
 .rodata.__func__.9
                0x00204a29       0x14 ./build/sama5d4-xplained/ddram/drivers/drivers.a(pmc.o)
 .rodata.console_clear_screen.str1.1
                0x00204a3d        0xb ./build/sama5d4-xplained/ddram/drivers/drivers.a(console.o)
 .rodata.console_reset_cursor.str1.1
                0x00204a48        0xb ./build/sama5d4-xplained/ddram/drivers/drivers.a(console.o)
                                  0x7 (size before relaxing)
 .rodata.console_example_info.str1.1
                0x00204a48       0xbd ./build/sama5d4-xplained/ddram/drivers/drivers.a(console.o)
                                 0xc0 (size before relaxing)
 .rodata.dcache_enable.str1.1
                0x00204b05       0x33 ./build/sama5d4-xplained/ddram/arch/arch.a(l1cache_cp15.o)
 .rodata.dcache_invalidate_region.str1.1
                0x00204b38        0xc ./build/sama5d4-xplained/ddram/arch/arch.a(l1cache_cp15.o)
 .rodata.__func__.1
                0x00204b38       0x14 ./build/sama5d4-xplained/ddram/arch/arch.a(l1cache_cp15.o)
 .rodata.__func__.2
                0x00204b4c       0x19 ./build/sama5d4-xplained/ddram/arch/arch.a(l1cache_cp15.o)
 .rodata.__func__.3
                0x00204b65        0xe ./build/sama5d4-xplained/ddram/arch/arch.a(l1cache_cp15.o)
 .rodata.mmu_configure.str1.1
                0x00204b73       0x2c ./build/sama5d4-xplained/ddram/arch/arch.a(mmu_cp15.o)
 .rodata.__func__.0
                0x00204b9f        0xe ./build/sama5d4-xplained/ddram/arch/arch.a(mmu_cp15.o)
 .rodata.get_chip_name.str1.1
                0x00204bad        0x8 ./build/sama5d4-xplained/ddram/target/target.a(chip.o)
 .rodata.str1.1
                0x00204bb5       0x24 ./build/sama5d4-xplained/ddram/target/target.a(chip.o)
 .rodata._h64_peripherals
                0x00204bd9        0xb ./build/sama5d4-xplained/ddram/target/target.a(chip.o)
 .rodata.tc_configure.str1.1
                0x00204be4       0x44 ./build/sama5d4-xplained/ddram/drivers/drivers.a(tc.o)
 .rodata.__func__.0
                0x00204c28        0xa ./build/sama5d4-xplained/ddram/drivers/drivers.a(tc.o)
 .rodata.__func__.3
                0x00204c32       0x14 ./build/sama5d4-xplained/ddram/drivers/drivers.a(tc.o)
 .rodata.__func__.4
                0x00204c46        0xe ./build/sama5d4-xplained/ddram/drivers/drivers.a(tc.o)
 .rodata.__func__.6
                0x00204c54        0xd ./build/sama5d4-xplained/ddram/drivers/drivers.a(tc.o)
 .rodata.__func__.8
                0x00204c61        0x9 ./build/sama5d4-xplained/ddram/drivers/drivers.a(tc.o)
 .rodata.__func__.9
                0x00204c6a        0xd ./build/sama5d4-xplained/ddram/drivers/drivers.a(tc.o)
 .rodata.__assert_func.str1.1
                0x00204c77       0x3c c:/mohan/softwares/compilers/arm/gcc-vas/bin/../lib/gcc/arm-none-eabi/10.3.1/../../../../arm-none-eabi/lib/thumb/v7-a+fp/hard\libc_nano.a(lib_a-assert.o)
                                 0x3d (size before relaxing)
 .rodata._vfprintf_r.str1.1
                0x00204cb3       0x11 c:/mohan/softwares/compilers/arm/gcc-vas/bin/../lib/gcc/arm-none-eabi/10.3.1/../../../../arm-none-eabi/lib/thumb/v7-a+fp/hard\libc_nano.a(lib_a-nano-vfprintf.o)
 .rodata._printf_i.str1.1
                0x00204cc4       0x22 c:/mohan/softwares/compilers/arm/gcc-vas/bin/../lib/gcc/arm-none-eabi/10.3.1/../../../../arm-none-eabi/lib/thumb/v7-a+fp/hard\libc_nano.a(lib_a-nano-vfprintf_i.o)
 *(SORT_BY_ALIGNMENT(.ARM.extab*) SORT_BY_ALIGNMENT(.gnu.linkonce.armextab.*))
                0x00204ce8                . = ALIGN (0x4)
 *fill*         0x00204ce6        0x2 
 *(.init)
 .init          0x00204ce8        0x4 c:/mohan/softwares/compilers/arm/gcc-vas/bin/../lib/gcc/arm-none-eabi/10.3.1/thumb/v7-a+fp/hard/crti.o
                0x00204ce8                _init
 .init          0x00204cec        0x8 c:/mohan/softwares/compilers/arm/gcc-vas/bin/../lib/gcc/arm-none-eabi/10.3.1/thumb/v7-a+fp/hard/crtn.o
                0x00204cf4                . = ALIGN (0x4)
                0x00204cf4                __preinit_array_start = .
 *(SORT_BY_ALIGNMENT(.preinit_array))
                0x00204cf4                __preinit_array_end = .
                0x00204cf4                . = ALIGN (0x4)
                0x00204cf4                __init_array_start = .
 *(SORT_BY_NAME(SORT_BY_ALIGNMENT(.init_array.*)))
 *(SORT_BY_ALIGNMENT(.init_array))
 .init_array    0x00204cf4        0x4 c:/mohan/softwares/compilers/arm/gcc-vas/bin/../lib/gcc/arm-none-eabi/10.3.1/thumb/v7-a+fp/hard/crtbegin.o
 .init_array    0x00204cf8        0x4 ./build/sama5d4-xplained/ddram/utils/utils.a(syscalls.o)
                0x00204cfc                __init_array_end = .
                0x00204cfc                . = ALIGN (0x4)
 *crtbegin.o(SORT_BY_ALIGNMENT(.ctors))
 *(SORT_BY_ALIGNMENT(EXCLUDE_FILE(*crtend.o) .ctors))
 *(SORT_BY_NAME(SORT_BY_ALIGNMENT(.ctors.*)))
 *crtend.o(SORT_BY_ALIGNMENT(.ctors))
                0x00204cfc                . = ALIGN (0x4)
 *(.fini)
 .fini          0x00204cfc        0x4 c:/mohan/softwares/compilers/arm/gcc-vas/bin/../lib/gcc/arm-none-eabi/10.3.1/thumb/v7-a+fp/hard/crti.o
                0x00204cfc                _fini
 .fini          0x00204d00        0x8 c:/mohan/softwares/compilers/arm/gcc-vas/bin/../lib/gcc/arm-none-eabi/10.3.1/thumb/v7-a+fp/hard/crtn.o
 .fini.__stub   0x00204d08       0x20 linker stubs
                0x00204d28                . = ALIGN (0x4)
                0x00204d28                __fini_array_start = .
 *(SORT_BY_ALIGNMENT(.fini_array))
 .fini_array    0x00204d28        0x4 c:/mohan/softwares/compilers/arm/gcc-vas/bin/../lib/gcc/arm-none-eabi/10.3.1/thumb/v7-a+fp/hard/crtbegin.o
 *(SORT_BY_NAME(SORT_BY_ALIGNMENT(.fini_array.*)))
                0x00204d2c                __fini_array_end = .
 *crtbegin.o(SORT_BY_ALIGNMENT(.dtors))
 *(SORT_BY_ALIGNMENT(EXCLUDE_FILE(*crtend.o) .dtors))
 *(SORT_BY_NAME(SORT_BY_ALIGNMENT(.dtors.*)))
 *crtend.o(SORT_BY_ALIGNMENT(.dtors))
 *(SORT_BY_ALIGNMENT(.data) SORT_BY_ALIGNMENT(.data.*))
 .data._impure_ptr
                0x00204d2c        0x4 c:/mohan/softwares/compilers/arm/gcc-vas/bin/../lib/gcc/arm-none-eabi/10.3.1/../../../../arm-none-eabi/lib/thumb/v7-a+fp/hard\libc_nano.a(lib_a-impure.o)
                0x00204d2c                _impure_ptr
 .data.impure_data
                0x00204d30       0x60 c:/mohan/softwares/compilers/arm/gcc-vas/bin/../lib/gcc/arm-none-eabi/10.3.1/../../../../arm-none-eabi/lib/thumb/v7-a+fp/hard\libc_nano.a(lib_a-impure.o)
 .data._pmc_main_oscillators
                0x00204d90        0x8 ./build/sama5d4-xplained/ddram/drivers/drivers.a(pmc.o)
 .data.trace_level
                0x00204d98        0x4 ./build/sama5d4-xplained/ddram/utils/utils.a(trace.o)
                0x00204d98                trace_level
                0x00204d9c                . = ALIGN (0x4)
                0x00204d9c                _efixed = .
                0x00204d9c                _srelocate = .
                0x00204d9c                _erelocate = .
                [!provide]                PROVIDE (__exidx_start = .)

.vfp11_veneer   0x00204d9c        0x0
 .vfp11_veneer  0x00204d9c        0x0 linker stubs

.v4_bx          0x00204d9c        0x0
 .v4_bx         0x00204d9c        0x0 linker stubs

.iplt           0x00204d9c        0x0
 .iplt          0x00204d9c        0x0 c:/mohan/softwares/compilers/arm/gcc-vas/bin/../lib/gcc/arm-none-eabi/10.3.1/thumb/v7-a+fp/hard/crtbegin.o

.igot.plt       0x00204d9c        0x0
 .igot.plt      0x00204d9c        0x0 c:/mohan/softwares/compilers/arm/gcc-vas/bin/../lib/gcc/arm-none-eabi/10.3.1/thumb/v7-a+fp/hard/crtbegin.o

.eh_frame       0x00204d9c        0x0
 .eh_frame      0x00204d9c        0x0 c:/mohan/softwares/compilers/arm/gcc-vas/bin/../lib/gcc/arm-none-eabi/10.3.1/thumb/v7-a+fp/hard/crtbegin.o

.rel.dyn        0x00204d9c        0x0
 .rel.iplt      0x00204d9c        0x0 c:/mohan/softwares/compilers/arm/gcc-vas/bin/../lib/gcc/arm-none-eabi/10.3.1/thumb/v7-a+fp/hard/crtbegin.o

.ARM.exidx
 *(SORT_BY_ALIGNMENT(.ARM.exidx*) SORT_BY_ALIGNMENT(.gnu.linkonce.armexidx.*))
                [!provide]                PROVIDE (__exidx_end = .)
                0x00204d9c                . = ALIGN (0x4)
                0x00204d9c                _etext = .

.region_cache_aligned_const
                0x00204d9c        0x4
                0x00204da0                . = ALIGN (0x20)
 *fill*         0x00204d9c        0x4 
 *(SORT_BY_ALIGNMENT(.region_cache_aligned_const))
                0x00204da0                . = ALIGN (0x20)

.region_sram    0x00204da0        0x0
                0x00204da0                . = ALIGN (0x4)
 *(SORT_BY_ALIGNMENT(.region_sram))

.region_ddr     0x20000000        0x0
                0x20000000                . = ALIGN (0x4)
 *(SORT_BY_ALIGNMENT(.region_ddr))

.region_nocache
                0x24000000        0x0
                0x24000000                . = ALIGN (0x4)
 *(SORT_BY_ALIGNMENT(.region_nocache))

.bss            0x00208000     0x47c8
                0x00208000                . = ALIGN (0x4)
                0x00208000                _szero = .
 *(SORT_BY_ALIGNMENT(.bss) SORT_BY_ALIGNMENT(.bss.*))
 .bss.tlb       0x00208000     0x4000 ./build/sama5d4-xplained/ddram/target/target.a(board_support.o)
 .bss           0x0020c000       0x1c c:/mohan/softwares/compilers/arm/gcc-vas/bin/../lib/gcc/arm-none-eabi/10.3.1/thumb/v7-a+fp/hard/crtbegin.o
 .bss.heap.0    0x0020c01c        0x4 ./build/sama5d4-xplained/ddram/utils/utils.a(syscalls.o)
 .bss.handlers  0x0020c020      0x110 ./build/sama5d4-xplained/ddram/drivers/drivers.a(irq.o)
 .bss.handlers_pool
                0x0020c130      0x660 ./build/sama5d4-xplained/ddram/drivers/drivers.a(irq.o)
 .bss.next_free_handler
                0x0020c790        0x4 ./build/sama5d4-xplained/ddram/drivers/drivers.a(irq.o)
 .bss._pmc_mck  0x0020c794        0x4 ./build/sama5d4-xplained/ddram/drivers/drivers.a(pmc.o)
 .bss.console   0x0020c798       0x10 ./build/sama5d4-xplained/ddram/drivers/drivers.a(console.o)
 .bss._timer    0x0020c7a8       0x10 ./build/sama5d4-xplained/ddram/utils/utils.a(timer.o)
 .bss.__malloc_free_list
                0x0020c7b8        0x4 c:/mohan/softwares/compilers/arm/gcc-vas/bin/../lib/gcc/arm-none-eabi/10.3.1/../../../../arm-none-eabi/lib/thumb/v7-a+fp/hard\libc_nano.a(lib_a-nano-mallocr.o)
                0x0020c7b8                __malloc_free_list
 .bss.__malloc_sbrk_start
                0x0020c7bc        0x4 c:/mohan/softwares/compilers/arm/gcc-vas/bin/../lib/gcc/arm-none-eabi/10.3.1/../../../../arm-none-eabi/lib/thumb/v7-a+fp/hard\libc_nano.a(lib_a-nano-mallocr.o)
                0x0020c7bc                __malloc_sbrk_start
 .bss.errno     0x0020c7c0        0x4 c:/mohan/softwares/compilers/arm/gcc-vas/bin/../lib/gcc/arm-none-eabi/10.3.1/../../../../arm-none-eabi/lib/thumb/v7-a+fp/hard\libc_nano.a(lib_a-reent.o)
                0x0020c7c0                errno
 .bss.__lock___malloc_recursive_mutex
                0x0020c7c4        0x1 c:/mohan/softwares/compilers/arm/gcc-vas/bin/../lib/gcc/arm-none-eabi/10.3.1/../../../../arm-none-eabi/lib/thumb/v7-a+fp/hard\libc_nano.a(lib_a-lock.o)
                0x0020c7c4                __lock___malloc_recursive_mutex
 .bss.__lock___sfp_recursive_mutex
                0x0020c7c5        0x1 c:/mohan/softwares/compilers/arm/gcc-vas/bin/../lib/gcc/arm-none-eabi/10.3.1/../../../../arm-none-eabi/lib/thumb/v7-a+fp/hard\libc_nano.a(lib_a-lock.o)
                0x0020c7c5                __lock___sfp_recursive_mutex
 .bss.__lock___sinit_recursive_mutex
                0x0020c7c6        0x1 c:/mohan/softwares/compilers/arm/gcc-vas/bin/../lib/gcc/arm-none-eabi/10.3.1/../../../../arm-none-eabi/lib/thumb/v7-a+fp/hard\libc_nano.a(lib_a-lock.o)
                0x0020c7c6                __lock___sinit_recursive_mutex
 *(SORT_BY_ALIGNMENT(COMMON))
                0x0020c7c8                . = ALIGN (0x4)
 *fill*         0x0020c7c7        0x1 
                0x0020c7c8                _ezero = .

.region_cache_aligned
                0x0020c7c8       0x18
                0x0020c7e0                . = ALIGN (0x20)
 *fill*         0x0020c7c8       0x18 
 *(SORT_BY_ALIGNMENT(.region_cache_aligned))
                0x0020c7e0                . = ALIGN (0x20)

.region_ddr_cache_aligned
                0x20000000        0x0
                0x20000000                . = ALIGN (0x20)
 *(SORT_BY_ALIGNMENT(.region_ddr_cache_aligned))
                0x20000000                . = ALIGN (0x20)

.heap           0x0020c7e0      0x200
                0x0020c7e0                . = ALIGN (0x4)
                0x0020c7e0                __heap_start__ = .
                0x0020c9e0                . = (. + HEAP_SIZE)
 *fill*         0x0020c7e0      0x200 
                0x0020c9e0                __heap_end__ = .

.stack          0x0020c9e0      0x980
                0x0020ca40                . = (. + IRQ_STACK_SIZE)
 *fill*         0x0020c9e0       0x60 
                0x0020ca40                . = ALIGN (0x8)
                0x0020ca40                _irqstack = .
                0x0020caa0                . = (. + FIQ_STACK_SIZE)
 *fill*         0x0020ca40       0x60 
                0x0020caa0                . = ALIGN (0x8)
                0x0020caa0                _fiqstack = .
                0x0020cae0                . = (. + ABT_STACK_SIZE)
 *fill*         0x0020caa0       0x40 
                0x0020cae0                . = ALIGN (0x8)
                0x0020cae0                _abtstack = .
                0x0020cb20                . = (. + UND_STACK_SIZE)
 *fill*         0x0020cae0       0x40 
                0x0020cb20                . = ALIGN (0x8)
                0x0020cb20                _undstack = .
                0x0020cb60                . = (. + SYS_STACK_SIZE)
 *fill*         0x0020cb20       0x40 
                0x0020cb60                . = ALIGN (0x8)
                0x0020cb60                _sysstack = .
                0x0020d360                . = (. + C_STACK_SIZE)
 *fill*         0x0020cb60      0x800 
                0x0020d360                . = ALIGN (0x8)
                0x0020d360                _cstack = .
OUTPUT(build/sama5d4-xplained/ddram/target/bootstrap.elf elf32-littlearm)
LOAD linker stubs

.ARM.attributes
                0x00000000       0x33
 .ARM.attributes
                0x00000000       0x1f c:/mohan/softwares/compilers/arm/gcc-vas/bin/../lib/gcc/arm-none-eabi/10.3.1/thumb/v7-a+fp/hard/crti.o
 .ARM.attributes
                0x0000001f       0x33 c:/mohan/softwares/compilers/arm/gcc-vas/bin/../lib/gcc/arm-none-eabi/10.3.1/thumb/v7-a+fp/hard/crtbegin.o
 .ARM.attributes
                0x00000052       0x33 c:/mohan/softwares/compilers/arm/gcc-vas/bin/../lib/gcc/arm-none-eabi/10.3.1/../../../../arm-none-eabi/lib/thumb/v7-a+fp/hard\libc_nano.a(lib_a-impure.o)
 .ARM.attributes
                0x00000085       0x33 c:/mohan/softwares/compilers/arm/gcc-vas/bin/../lib/gcc/arm-none-eabi/10.3.1/../../../../arm-none-eabi/lib/thumb/v7-a+fp/hard\libc_nano.a(lib_a-init.o)
 .ARM.attributes
                0x000000b8       0x33 c:/mohan/softwares/compilers/arm/gcc-vas/bin/../lib/gcc/arm-none-eabi/10.3.1/../../../../arm-none-eabi/lib/thumb/v7-a+fp/hard\libc_nano.a(lib_a-memset.o)
 .ARM.attributes
                0x000000eb       0x37 ./build/sama5d4-xplained/ddram/target/common/bootstrap.o
 .ARM.attributes
                0x00000122       0x23 ./build/sama5d4-xplained/ddram/target/sama5d4/toolchain/gnu/cstartup.o
 .ARM.attributes
                0x00000145       0x37 ./build/sama5d4-xplained/ddram/arch/arch.a(fault_handlers.o)
 .ARM.attributes
                0x0000017c       0x37 ./build/sama5d4-xplained/ddram/utils/utils.a(syscalls.o)
 .ARM.attributes
                0x000001b3       0x37 ./build/sama5d4-xplained/ddram/target/target.a(board_console.o)
 .ARM.attributes
                0x000001ea       0x37 ./build/sama5d4-xplained/ddram/target/target.a(board_support.o)
 .ARM.attributes
                0x00000221       0x37 ./build/sama5d4-xplained/ddram/target/target.a(board_timer.o)
 .ARM.attributes
                0x00000258       0x37 ./build/sama5d4-xplained/ddram/target/target.a(chip_common.o)
 .ARM.attributes
                0x0000028f       0x37 ./build/sama5d4-xplained/ddram/drivers/drivers.a(ddram.o)
 .ARM.attributes
                0x000002c6       0x37 ./build/sama5d4-xplained/ddram/drivers/drivers.a(mpddrc.o)
 .ARM.attributes
                0x000002fd       0x37 ./build/sama5d4-xplained/ddram/drivers/drivers.a(pio3.o)
 .ARM.attributes
                0x00000334       0x37 ./build/sama5d4-xplained/ddram/drivers/drivers.a(irq.o)
 .ARM.attributes
                0x0000036b       0x37 ./build/sama5d4-xplained/ddram/drivers/drivers.a(l2cache_l2cc.o)
 .ARM.attributes
                0x000003a2       0x37 ./build/sama5d4-xplained/ddram/drivers/drivers.a(matrix.o)
 .ARM.attributes
                0x000003d9       0x37 ./build/sama5d4-xplained/ddram/drivers/drivers.a(pmc.o)
 .ARM.attributes
                0x00000410       0x37 ./build/sama5d4-xplained/ddram/drivers/drivers.a(slowclock_sckc.o)
 .ARM.attributes
                0x00000447       0x37 ./build/sama5d4-xplained/ddram/drivers/drivers.a(wdt.o)
 .ARM.attributes
                0x0000047e       0x37 ./build/sama5d4-xplained/ddram/drivers/drivers.a(console.o)
 .ARM.attributes
                0x000004b5       0x37 ./build/sama5d4-xplained/ddram/drivers/drivers.a(seriald.o)
 .ARM.attributes
                0x000004ec       0x37 ./build/sama5d4-xplained/ddram/drivers/drivers.a(usart.o)
 .ARM.attributes
                0x00000523       0x37 ./build/sama5d4-xplained/ddram/drivers/drivers.a(aic5.o)
 .ARM.attributes
                0x0000055a       0x37 ./build/sama5d4-xplained/ddram/drivers/drivers.a(cache.o)
 .ARM.attributes
                0x00000591       0x37 ./build/sama5d4-xplained/ddram/arch/arch.a(l1cache_cp15.o)
 .ARM.attributes
                0x000005c8       0x37 ./build/sama5d4-xplained/ddram/arch/arch.a(mmu_cp15.o)
 .ARM.attributes
                0x000005ff       0x37 ./build/sama5d4-xplained/ddram/utils/utils.a(trace.o)
 .ARM.attributes
                0x00000636       0x37 ./build/sama5d4-xplained/ddram/utils/utils.a(timer.o)
 .ARM.attributes
                0x0000066d       0x37 ./build/sama5d4-xplained/ddram/target/target.a(chip.o)
 .ARM.attributes
                0x000006a4       0x37 ./build/sama5d4-xplained/ddram/drivers/drivers.a(tc.o)
 .ARM.attributes
                0x000006db       0x1f c:/mohan/softwares/compilers/arm/gcc-vas/bin/../lib/gcc/arm-none-eabi/10.3.1/thumb/v7-a+fp/hard\libgcc.a(_udivsi3.o)
 .ARM.attributes
                0x000006fa       0x1f c:/mohan/softwares/compilers/arm/gcc-vas/bin/../lib/gcc/arm-none-eabi/10.3.1/thumb/v7-a+fp/hard\libgcc.a(_divsi3.o)
 .ARM.attributes
                0x00000719       0x1f c:/mohan/softwares/compilers/arm/gcc-vas/bin/../lib/gcc/arm-none-eabi/10.3.1/thumb/v7-a+fp/hard\libgcc.a(_dvmd_tls.o)
 .ARM.attributes
                0x00000738       0x33 c:/mohan/softwares/compilers/arm/gcc-vas/bin/../lib/gcc/arm-none-eabi/10.3.1/../../../../arm-none-eabi/lib/thumb/v7-a+fp/hard\libc_nano.a(lib_a-abort.o)
 .ARM.attributes
                0x0000076b       0x33 c:/mohan/softwares/compilers/arm/gcc-vas/bin/../lib/gcc/arm-none-eabi/10.3.1/../../../../arm-none-eabi/lib/thumb/v7-a+fp/hard\libc_nano.a(lib_a-assert.o)
 .ARM.attributes
                0x0000079e       0x33 c:/mohan/softwares/compilers/arm/gcc-vas/bin/../lib/gcc/arm-none-eabi/10.3.1/../../../../arm-none-eabi/lib/thumb/v7-a+fp/hard\libc_nano.a(lib_a-fprintf.o)
 .ARM.attributes
                0x000007d1       0x33 c:/mohan/softwares/compilers/arm/gcc-vas/bin/../lib/gcc/arm-none-eabi/10.3.1/../../../../arm-none-eabi/lib/thumb/v7-a+fp/hard\libc_nano.a(lib_a-nano-vfprintf.o)
 .ARM.attributes
                0x00000804       0x33 c:/mohan/softwares/compilers/arm/gcc-vas/bin/../lib/gcc/arm-none-eabi/10.3.1/../../../../arm-none-eabi/lib/thumb/v7-a+fp/hard\libc_nano.a(lib_a-nano-vfprintf_i.o)
 .ARM.attributes
                0x00000837       0x33 c:/mohan/softwares/compilers/arm/gcc-vas/bin/../lib/gcc/arm-none-eabi/10.3.1/../../../../arm-none-eabi/lib/thumb/v7-a+fp/hard\libc_nano.a(lib_a-printf.o)
 .ARM.attributes
                0x0000086a       0x33 c:/mohan/softwares/compilers/arm/gcc-vas/bin/../lib/gcc/arm-none-eabi/10.3.1/../../../../arm-none-eabi/lib/thumb/v7-a+fp/hard\libc_nano.a(lib_a-setvbuf.o)
 .ARM.attributes
                0x0000089d       0x33 c:/mohan/softwares/compilers/arm/gcc-vas/bin/../lib/gcc/arm-none-eabi/10.3.1/../../../../arm-none-eabi/lib/thumb/v7-a+fp/hard\libc_nano.a(lib_a-signal.o)
 .ARM.attributes
                0x000008d0       0x33 c:/mohan/softwares/compilers/arm/gcc-vas/bin/../lib/gcc/arm-none-eabi/10.3.1/../../../../arm-none-eabi/lib/thumb/v7-a+fp/hard\libc_nano.a(lib_a-signalr.o)
 .ARM.attributes
                0x00000903       0x33 c:/mohan/softwares/compilers/arm/gcc-vas/bin/../lib/gcc/arm-none-eabi/10.3.1/../../../../arm-none-eabi/lib/thumb/v7-a+fp/hard\libc_nano.a(lib_a-wbuf.o)
 .ARM.attributes
                0x00000936       0x33 c:/mohan/softwares/compilers/arm/gcc-vas/bin/../lib/gcc/arm-none-eabi/10.3.1/../../../../arm-none-eabi/lib/thumb/v7-a+fp/hard\libc_nano.a(lib_a-wsetup.o)
 .ARM.attributes
                0x00000969       0x33 c:/mohan/softwares/compilers/arm/gcc-vas/bin/../lib/gcc/arm-none-eabi/10.3.1/../../../../arm-none-eabi/lib/thumb/v7-a+fp/hard\libc_nano.a(lib_a-fflush.o)
 .ARM.attributes
                0x0000099c       0x33 c:/mohan/softwares/compilers/arm/gcc-vas/bin/../lib/gcc/arm-none-eabi/10.3.1/../../../../arm-none-eabi/lib/thumb/v7-a+fp/hard\libc_nano.a(lib_a-findfp.o)
 .ARM.attributes
                0x000009cf       0x33 c:/mohan/softwares/compilers/arm/gcc-vas/bin/../lib/gcc/arm-none-eabi/10.3.1/../../../../arm-none-eabi/lib/thumb/v7-a+fp/hard\libc_nano.a(lib_a-fwalk.o)
 .ARM.attributes
                0x00000a02       0x33 c:/mohan/softwares/compilers/arm/gcc-vas/bin/../lib/gcc/arm-none-eabi/10.3.1/../../../../arm-none-eabi/lib/thumb/v7-a+fp/hard\libc_nano.a(lib_a-lock.o)
 .ARM.attributes
                0x00000a35       0x33 c:/mohan/softwares/compilers/arm/gcc-vas/bin/../lib/gcc/arm-none-eabi/10.3.1/../../../../arm-none-eabi/lib/thumb/v7-a+fp/hard\libc_nano.a(lib_a-makebuf.o)
 .ARM.attributes
                0x00000a68       0x33 c:/mohan/softwares/compilers/arm/gcc-vas/bin/../lib/gcc/arm-none-eabi/10.3.1/../../../../arm-none-eabi/lib/thumb/v7-a+fp/hard\libc_nano.a(lib_a-malloc.o)
 .ARM.attributes
                0x00000a9b       0x1b c:/mohan/softwares/compilers/arm/gcc-vas/bin/../lib/gcc/arm-none-eabi/10.3.1/../../../../arm-none-eabi/lib/thumb/v7-a+fp/hard\libc_nano.a(lib_a-memchr.o)
 .ARM.attributes
                0x00000ab6       0x33 c:/mohan/softwares/compilers/arm/gcc-vas/bin/../lib/gcc/arm-none-eabi/10.3.1/../../../../arm-none-eabi/lib/thumb/v7-a+fp/hard\libc_nano.a(lib_a-nano-freer.o)
 .ARM.attributes
                0x00000ae9       0x33 c:/mohan/softwares/compilers/arm/gcc-vas/bin/../lib/gcc/arm-none-eabi/10.3.1/../../../../arm-none-eabi/lib/thumb/v7-a+fp/hard\libc_nano.a(lib_a-nano-mallocr.o)
 .ARM.attributes
                0x00000b1c       0x33 c:/mohan/softwares/compilers/arm/gcc-vas/bin/../lib/gcc/arm-none-eabi/10.3.1/../../../../arm-none-eabi/lib/thumb/v7-a+fp/hard\libc_nano.a(lib_a-reent.o)
 .ARM.attributes
                0x00000b4f       0x33 c:/mohan/softwares/compilers/arm/gcc-vas/bin/../lib/gcc/arm-none-eabi/10.3.1/../../../../arm-none-eabi/lib/thumb/v7-a+fp/hard\libc_nano.a(lib_a-sbrkr.o)
 .ARM.attributes
                0x00000b82       0x33 c:/mohan/softwares/compilers/arm/gcc-vas/bin/../lib/gcc/arm-none-eabi/10.3.1/../../../../arm-none-eabi/lib/thumb/v7-a+fp/hard\libc_nano.a(lib_a-stdio.o)
 .ARM.attributes
                0x00000bb5       0x33 c:/mohan/softwares/compilers/arm/gcc-vas/bin/../lib/gcc/arm-none-eabi/10.3.1/../../../../arm-none-eabi/lib/thumb/v7-a+fp/hard\libc_nano.a(lib_a-writer.o)
 .ARM.attributes
                0x00000be8       0x33 c:/mohan/softwares/compilers/arm/gcc-vas/bin/../lib/gcc/arm-none-eabi/10.3.1/../../../../arm-none-eabi/lib/thumb/v7-a+fp/hard\libc_nano.a(lib_a-closer.o)
 .ARM.attributes
                0x00000c1b       0x33 c:/mohan/softwares/compilers/arm/gcc-vas/bin/../lib/gcc/arm-none-eabi/10.3.1/../../../../arm-none-eabi/lib/thumb/v7-a+fp/hard\libc_nano.a(lib_a-fstatr.o)
 .ARM.attributes
                0x00000c4e       0x33 c:/mohan/softwares/compilers/arm/gcc-vas/bin/../lib/gcc/arm-none-eabi/10.3.1/../../../../arm-none-eabi/lib/thumb/v7-a+fp/hard\libc_nano.a(lib_a-isattyr.o)
 .ARM.attributes
                0x00000c81       0x33 c:/mohan/softwares/compilers/arm/gcc-vas/bin/../lib/gcc/arm-none-eabi/10.3.1/../../../../arm-none-eabi/lib/thumb/v7-a+fp/hard\libc_nano.a(lib_a-lseekr.o)
 .ARM.attributes
                0x00000cb4       0x33 c:/mohan/softwares/compilers/arm/gcc-vas/bin/../lib/gcc/arm-none-eabi/10.3.1/../../../../arm-none-eabi/lib/thumb/v7-a+fp/hard\libc_nano.a(lib_a-mlock.o)
 .ARM.attributes
                0x00000ce7       0x33 c:/mohan/softwares/compilers/arm/gcc-vas/bin/../lib/gcc/arm-none-eabi/10.3.1/../../../../arm-none-eabi/lib/thumb/v7-a+fp/hard\libc_nano.a(lib_a-readr.o)
 .ARM.attributes
                0x00000d1a       0x1f c:/mohan/softwares/compilers/arm/gcc-vas/bin/../lib/gcc/arm-none-eabi/10.3.1/thumb/v7-a+fp/hard/crtn.o

.comment        0x00000000       0x49
 .comment       0x00000000       0x49 ./build/sama5d4-xplained/ddram/target/common/bootstrap.o
                                 0x4a (size before relaxing)
 .comment       0x00000049       0x4a ./build/sama5d4-xplained/ddram/arch/arch.a(fault_handlers.o)
 .comment       0x00000049       0x4a ./build/sama5d4-xplained/ddram/utils/utils.a(syscalls.o)
 .comment       0x00000049       0x4a ./build/sama5d4-xplained/ddram/target/target.a(board_console.o)
 .comment       0x00000049       0x4a ./build/sama5d4-xplained/ddram/target/target.a(board_support.o)
 .comment       0x00000049       0x4a ./build/sama5d4-xplained/ddram/target/target.a(board_timer.o)
 .comment       0x00000049       0x4a ./build/sama5d4-xplained/ddram/target/target.a(chip_common.o)
 .comment       0x00000049       0x4a ./build/sama5d4-xplained/ddram/drivers/drivers.a(ddram.o)
 .comment       0x00000049       0x4a ./build/sama5d4-xplained/ddram/drivers/drivers.a(mpddrc.o)
 .comment       0x00000049       0x4a ./build/sama5d4-xplained/ddram/drivers/drivers.a(pio3.o)
 .comment       0x00000049       0x4a ./build/sama5d4-xplained/ddram/drivers/drivers.a(irq.o)
 .comment       0x00000049       0x4a ./build/sama5d4-xplained/ddram/drivers/drivers.a(l2cache_l2cc.o)
 .comment       0x00000049       0x4a ./build/sama5d4-xplained/ddram/drivers/drivers.a(matrix.o)
 .comment       0x00000049       0x4a ./build/sama5d4-xplained/ddram/drivers/drivers.a(pmc.o)
 .comment       0x00000049       0x4a ./build/sama5d4-xplained/ddram/drivers/drivers.a(slowclock_sckc.o)
 .comment       0x00000049       0x4a ./build/sama5d4-xplained/ddram/drivers/drivers.a(wdt.o)
 .comment       0x00000049       0x4a ./build/sama5d4-xplained/ddram/drivers/drivers.a(console.o)
 .comment       0x00000049       0x4a ./build/sama5d4-xplained/ddram/drivers/drivers.a(seriald.o)
 .comment       0x00000049       0x4a ./build/sama5d4-xplained/ddram/drivers/drivers.a(usart.o)
 .comment       0x00000049       0x4a ./build/sama5d4-xplained/ddram/drivers/drivers.a(aic5.o)
 .comment       0x00000049       0x4a ./build/sama5d4-xplained/ddram/drivers/drivers.a(cache.o)
 .comment       0x00000049       0x4a ./build/sama5d4-xplained/ddram/arch/arch.a(l1cache_cp15.o)
 .comment       0x00000049       0x4a ./build/sama5d4-xplained/ddram/arch/arch.a(mmu_cp15.o)
 .comment       0x00000049       0x4a ./build/sama5d4-xplained/ddram/utils/utils.a(trace.o)
 .comment       0x00000049       0x4a ./build/sama5d4-xplained/ddram/utils/utils.a(timer.o)
 .comment       0x00000049       0x4a ./build/sama5d4-xplained/ddram/target/target.a(chip.o)
 .comment       0x00000049       0x4a ./build/sama5d4-xplained/ddram/drivers/drivers.a(tc.o)

.debug_frame    0x00000000     0x28b0
 .debug_frame   0x00000000       0x2c c:/mohan/softwares/compilers/arm/gcc-vas/bin/../lib/gcc/arm-none-eabi/10.3.1/../../../../arm-none-eabi/lib/thumb/v7-a+fp/hard\libc_nano.a(lib_a-init.o)
 .debug_frame   0x0000002c       0x20 c:/mohan/softwares/compilers/arm/gcc-vas/bin/../lib/gcc/arm-none-eabi/10.3.1/../../../../arm-none-eabi/lib/thumb/v7-a+fp/hard\libc_nano.a(lib_a-memset.o)
 .debug_frame   0x0000004c       0x44 ./build/sama5d4-xplained/ddram/target/common/bootstrap.o
 .debug_frame   0x00000090       0x50 ./build/sama5d4-xplained/ddram/arch/arch.a(fault_handlers.o)
 .debug_frame   0x000000e0       0xd4 ./build/sama5d4-xplained/ddram/utils/utils.a(syscalls.o)
 .debug_frame   0x000001b4       0x2c ./build/sama5d4-xplained/ddram/target/target.a(board_console.o)
 .debug_frame   0x000001e0      0x1ec ./build/sama5d4-xplained/ddram/target/target.a(board_support.o)
 .debug_frame   0x000003cc       0x20 ./build/sama5d4-xplained/ddram/target/target.a(board_timer.o)
 .debug_frame   0x000003ec      0x110 ./build/sama5d4-xplained/ddram/target/target.a(chip_common.o)
 .debug_frame   0x000004fc       0x4c ./build/sama5d4-xplained/ddram/drivers/drivers.a(ddram.o)
 .debug_frame   0x00000548       0xa0 ./build/sama5d4-xplained/ddram/drivers/drivers.a(mpddrc.o)
 .debug_frame   0x000005e8      0x21c ./build/sama5d4-xplained/ddram/drivers/drivers.a(pio3.o)
 .debug_frame   0x00000804       0xa8 ./build/sama5d4-xplained/ddram/drivers/drivers.a(irq.o)
 .debug_frame   0x000008ac      0x324 ./build/sama5d4-xplained/ddram/drivers/drivers.a(l2cache_l2cc.o)
 .debug_frame   0x00000bd0      0x110 ./build/sama5d4-xplained/ddram/drivers/drivers.a(matrix.o)
 .debug_frame   0x00000ce0      0x48c ./build/sama5d4-xplained/ddram/drivers/drivers.a(pmc.o)
 .debug_frame   0x0000116c       0x78 ./build/sama5d4-xplained/ddram/drivers/drivers.a(slowclock_sckc.o)
 .debug_frame   0x000011e4       0x88 ./build/sama5d4-xplained/ddram/drivers/drivers.a(wdt.o)
 .debug_frame   0x0000126c      0x1fc ./build/sama5d4-xplained/ddram/drivers/drivers.a(console.o)
 .debug_frame   0x00001468       0xfc ./build/sama5d4-xplained/ddram/drivers/drivers.a(seriald.o)
 .debug_frame   0x00001564      0x258 ./build/sama5d4-xplained/ddram/drivers/drivers.a(usart.o)
 .debug_frame   0x000017bc      0x138 ./build/sama5d4-xplained/ddram/drivers/drivers.a(aic5.o)
 .debug_frame   0x000018f4       0x60 ./build/sama5d4-xplained/ddram/drivers/drivers.a(cache.o)
 .debug_frame   0x00001954      0x140 ./build/sama5d4-xplained/ddram/arch/arch.a(l1cache_cp15.o)
 .debug_frame   0x00001a94       0x68 ./build/sama5d4-xplained/ddram/arch/arch.a(mmu_cp15.o)
 .debug_frame   0x00001afc      0x150 ./build/sama5d4-xplained/ddram/utils/utils.a(timer.o)
 .debug_frame   0x00001c4c       0xac ./build/sama5d4-xplained/ddram/target/target.a(chip.o)
 .debug_frame   0x00001cf8      0x17c ./build/sama5d4-xplained/ddram/drivers/drivers.a(tc.o)
 .debug_frame   0x00001e74       0x20 c:/mohan/softwares/compilers/arm/gcc-vas/bin/../lib/gcc/arm-none-eabi/10.3.1/thumb/v7-a+fp/hard\libgcc.a(_udivsi3.o)
 .debug_frame   0x00001e94       0x20 c:/mohan/softwares/compilers/arm/gcc-vas/bin/../lib/gcc/arm-none-eabi/10.3.1/thumb/v7-a+fp/hard\libgcc.a(_divsi3.o)
 .debug_frame   0x00001eb4       0x28 c:/mohan/softwares/compilers/arm/gcc-vas/bin/../lib/gcc/arm-none-eabi/10.3.1/../../../../arm-none-eabi/lib/thumb/v7-a+fp/hard\libc_nano.a(lib_a-abort.o)
 .debug_frame   0x00001edc       0x40 c:/mohan/softwares/compilers/arm/gcc-vas/bin/../lib/gcc/arm-none-eabi/10.3.1/../../../../arm-none-eabi/lib/thumb/v7-a+fp/hard\libc_nano.a(lib_a-assert.o)
 .debug_frame   0x00001f1c       0x64 c:/mohan/softwares/compilers/arm/gcc-vas/bin/../lib/gcc/arm-none-eabi/10.3.1/../../../../arm-none-eabi/lib/thumb/v7-a+fp/hard\libc_nano.a(lib_a-fprintf.o)
 .debug_frame   0x00001f80       0xac c:/mohan/softwares/compilers/arm/gcc-vas/bin/../lib/gcc/arm-none-eabi/10.3.1/../../../../arm-none-eabi/lib/thumb/v7-a+fp/hard\libc_nano.a(lib_a-nano-vfprintf.o)
 .debug_frame   0x0000202c       0x64 c:/mohan/softwares/compilers/arm/gcc-vas/bin/../lib/gcc/arm-none-eabi/10.3.1/../../../../arm-none-eabi/lib/thumb/v7-a+fp/hard\libc_nano.a(lib_a-nano-vfprintf_i.o)
 .debug_frame   0x00002090       0x74 c:/mohan/softwares/compilers/arm/gcc-vas/bin/../lib/gcc/arm-none-eabi/10.3.1/../../../../arm-none-eabi/lib/thumb/v7-a+fp/hard\libc_nano.a(lib_a-printf.o)
 .debug_frame   0x00002104       0x38 c:/mohan/softwares/compilers/arm/gcc-vas/bin/../lib/gcc/arm-none-eabi/10.3.1/../../../../arm-none-eabi/lib/thumb/v7-a+fp/hard\libc_nano.a(lib_a-setvbuf.o)
 .debug_frame   0x0000213c       0xcc c:/mohan/softwares/compilers/arm/gcc-vas/bin/../lib/gcc/arm-none-eabi/10.3.1/../../../../arm-none-eabi/lib/thumb/v7-a+fp/hard\libc_nano.a(lib_a-signal.o)
 .debug_frame   0x00002208       0x3c c:/mohan/softwares/compilers/arm/gcc-vas/bin/../lib/gcc/arm-none-eabi/10.3.1/../../../../arm-none-eabi/lib/thumb/v7-a+fp/hard\libc_nano.a(lib_a-signalr.o)
 .debug_frame   0x00002244       0x40 c:/mohan/softwares/compilers/arm/gcc-vas/bin/../lib/gcc/arm-none-eabi/10.3.1/../../../../arm-none-eabi/lib/thumb/v7-a+fp/hard\libc_nano.a(lib_a-wbuf.o)
 .debug_frame   0x00002284       0x2c c:/mohan/softwares/compilers/arm/gcc-vas/bin/../lib/gcc/arm-none-eabi/10.3.1/../../../../arm-none-eabi/lib/thumb/v7-a+fp/hard\libc_nano.a(lib_a-wsetup.o)
 .debug_frame   0x000022b0       0x5c c:/mohan/softwares/compilers/arm/gcc-vas/bin/../lib/gcc/arm-none-eabi/10.3.1/../../../../arm-none-eabi/lib/thumb/v7-a+fp/hard\libc_nano.a(lib_a-fflush.o)
 .debug_frame   0x0000230c      0x14c c:/mohan/softwares/compilers/arm/gcc-vas/bin/../lib/gcc/arm-none-eabi/10.3.1/../../../../arm-none-eabi/lib/thumb/v7-a+fp/hard\libc_nano.a(lib_a-findfp.o)
 .debug_frame   0x00002458       0x54 c:/mohan/softwares/compilers/arm/gcc-vas/bin/../lib/gcc/arm-none-eabi/10.3.1/../../../../arm-none-eabi/lib/thumb/v7-a+fp/hard\libc_nano.a(lib_a-fwalk.o)
 .debug_frame   0x000024ac       0xb0 c:/mohan/softwares/compilers/arm/gcc-vas/bin/../lib/gcc/arm-none-eabi/10.3.1/../../../../arm-none-eabi/lib/thumb/v7-a+fp/hard\libc_nano.a(lib_a-lock.o)
 .debug_frame   0x0000255c       0x58 c:/mohan/softwares/compilers/arm/gcc-vas/bin/../lib/gcc/arm-none-eabi/10.3.1/../../../../arm-none-eabi/lib/thumb/v7-a+fp/hard\libc_nano.a(lib_a-makebuf.o)
 .debug_frame   0x000025b4       0x30 c:/mohan/softwares/compilers/arm/gcc-vas/bin/../lib/gcc/arm-none-eabi/10.3.1/../../../../arm-none-eabi/lib/thumb/v7-a+fp/hard\libc_nano.a(lib_a-malloc.o)
 .debug_frame   0x000025e4       0x38 c:/mohan/softwares/compilers/arm/gcc-vas/bin/../lib/gcc/arm-none-eabi/10.3.1/../../../../arm-none-eabi/lib/thumb/v7-a+fp/hard\libc_nano.a(lib_a-nano-freer.o)
 .debug_frame   0x0000261c       0x4c c:/mohan/softwares/compilers/arm/gcc-vas/bin/../lib/gcc/arm-none-eabi/10.3.1/../../../../arm-none-eabi/lib/thumb/v7-a+fp/hard\libc_nano.a(lib_a-nano-mallocr.o)
 .debug_frame   0x00002668       0x5c c:/mohan/softwares/compilers/arm/gcc-vas/bin/../lib/gcc/arm-none-eabi/10.3.1/../../../../arm-none-eabi/lib/thumb/v7-a+fp/hard\libc_nano.a(lib_a-reent.o)
 .debug_frame   0x000026c4       0x2c c:/mohan/softwares/compilers/arm/gcc-vas/bin/../lib/gcc/arm-none-eabi/10.3.1/../../../../arm-none-eabi/lib/thumb/v7-a+fp/hard\libc_nano.a(lib_a-sbrkr.o)
 .debug_frame   0x000026f0       0x88 c:/mohan/softwares/compilers/arm/gcc-vas/bin/../lib/gcc/arm-none-eabi/10.3.1/../../../../arm-none-eabi/lib/thumb/v7-a+fp/hard\libc_nano.a(lib_a-stdio.o)
 .debug_frame   0x00002778       0x2c c:/mohan/softwares/compilers/arm/gcc-vas/bin/../lib/gcc/arm-none-eabi/10.3.1/../../../../arm-none-eabi/lib/thumb/v7-a+fp/hard\libc_nano.a(lib_a-writer.o)
 .debug_frame   0x000027a4       0x2c c:/mohan/softwares/compilers/arm/gcc-vas/bin/../lib/gcc/arm-none-eabi/10.3.1/../../../../arm-none-eabi/lib/thumb/v7-a+fp/hard\libc_nano.a(lib_a-closer.o)
 .debug_frame   0x000027d0       0x2c c:/mohan/softwares/compilers/arm/gcc-vas/bin/../lib/gcc/arm-none-eabi/10.3.1/../../../../arm-none-eabi/lib/thumb/v7-a+fp/hard\libc_nano.a(lib_a-fstatr.o)
 .debug_frame   0x000027fc       0x2c c:/mohan/softwares/compilers/arm/gcc-vas/bin/../lib/gcc/arm-none-eabi/10.3.1/../../../../arm-none-eabi/lib/thumb/v7-a+fp/hard\libc_nano.a(lib_a-isattyr.o)
 .debug_frame   0x00002828       0x2c c:/mohan/softwares/compilers/arm/gcc-vas/bin/../lib/gcc/arm-none-eabi/10.3.1/../../../../arm-none-eabi/lib/thumb/v7-a+fp/hard\libc_nano.a(lib_a-lseekr.o)
 .debug_frame   0x00002854       0x30 c:/mohan/softwares/compilers/arm/gcc-vas/bin/../lib/gcc/arm-none-eabi/10.3.1/../../../../arm-none-eabi/lib/thumb/v7-a+fp/hard\libc_nano.a(lib_a-mlock.o)
 .debug_frame   0x00002884       0x2c c:/mohan/softwares/compilers/arm/gcc-vas/bin/../lib/gcc/arm-none-eabi/10.3.1/../../../../arm-none-eabi/lib/thumb/v7-a+fp/hard\libc_nano.a(lib_a-readr.o)

.debug_info     0x00000000    0x1159c
 .debug_info    0x00000000      0x163 ./build/sama5d4-xplained/ddram/target/common/bootstrap.o
 .debug_info    0x00000163       0x26 ./build/sama5d4-xplained/ddram/target/sama5d4/toolchain/gnu/cstartup.o
 .debug_info    0x00000189       0xbf ./build/sama5d4-xplained/ddram/arch/arch.a(fault_handlers.o)
 .debug_info    0x00000248      0xe10 ./build/sama5d4-xplained/ddram/utils/utils.a(syscalls.o)
 .debug_info    0x00001058      0x325 ./build/sama5d4-xplained/ddram/target/target.a(board_console.o)
 .debug_info    0x0000137d     0x188f ./build/sama5d4-xplained/ddram/target/target.a(board_support.o)
 .debug_info    0x00002c0c      0x280 ./build/sama5d4-xplained/ddram/target/target.a(board_timer.o)
 .debug_info    0x00002e8c     0x15ba ./build/sama5d4-xplained/ddram/target/target.a(chip_common.o)
 .debug_info    0x00004446      0x3ee ./build/sama5d4-xplained/ddram/drivers/drivers.a(ddram.o)
 .debug_info    0x00004834      0xedf ./build/sama5d4-xplained/ddram/drivers/drivers.a(mpddrc.o)
 .debug_info    0x00005713     0x1166 ./build/sama5d4-xplained/ddram/drivers/drivers.a(pio3.o)
 .debug_info    0x00006879      0x547 ./build/sama5d4-xplained/ddram/drivers/drivers.a(irq.o)
 .debug_info    0x00006dc0     0x13ee ./build/sama5d4-xplained/ddram/drivers/drivers.a(l2cache_l2cc.o)
 .debug_info    0x000081ae      0xaf7 ./build/sama5d4-xplained/ddram/drivers/drivers.a(matrix.o)
 .debug_info    0x00008ca5     0x1d22 ./build/sama5d4-xplained/ddram/drivers/drivers.a(pmc.o)
 .debug_info    0x0000a9c7      0x235 ./build/sama5d4-xplained/ddram/drivers/drivers.a(slowclock_sckc.o)
 .debug_info    0x0000abfc      0x26e ./build/sama5d4-xplained/ddram/drivers/drivers.a(wdt.o)
 .debug_info    0x0000ae6a      0xe91 ./build/sama5d4-xplained/ddram/drivers/drivers.a(console.o)
 .debug_info    0x0000bcfb      0xacc ./build/sama5d4-xplained/ddram/drivers/drivers.a(seriald.o)
 .debug_info    0x0000c7c7      0xb66 ./build/sama5d4-xplained/ddram/drivers/drivers.a(usart.o)
 .debug_info    0x0000d32d      0xafc ./build/sama5d4-xplained/ddram/drivers/drivers.a(aic5.o)
 .debug_info    0x0000de29      0x231 ./build/sama5d4-xplained/ddram/drivers/drivers.a(cache.o)
 .debug_info    0x0000e05a      0x9c0 ./build/sama5d4-xplained/ddram/arch/arch.a(l1cache_cp15.o)
 .debug_info    0x0000ea1a      0x3ac ./build/sama5d4-xplained/ddram/arch/arch.a(mmu_cp15.o)
 .debug_info    0x0000edc6      0x2dd ./build/sama5d4-xplained/ddram/utils/utils.a(trace.o)
 .debug_info    0x0000f0a3      0xb1b ./build/sama5d4-xplained/ddram/utils/utils.a(timer.o)
 .debug_info    0x0000fbbe      0xe9d ./build/sama5d4-xplained/ddram/target/target.a(chip.o)
 .debug_info    0x00010a5b      0xb41 ./build/sama5d4-xplained/ddram/drivers/drivers.a(tc.o)

.debug_abbrev   0x00000000     0x3cac
 .debug_abbrev  0x00000000       0xe7 ./build/sama5d4-xplained/ddram/target/common/bootstrap.o
 .debug_abbrev  0x000000e7       0x14 ./build/sama5d4-xplained/ddram/target/sama5d4/toolchain/gnu/cstartup.o
 .debug_abbrev  0x000000fb       0x47 ./build/sama5d4-xplained/ddram/arch/arch.a(fault_handlers.o)
 .debug_abbrev  0x00000142      0x30f ./build/sama5d4-xplained/ddram/utils/utils.a(syscalls.o)
 .debug_abbrev  0x00000451       0xff ./build/sama5d4-xplained/ddram/target/target.a(board_console.o)
 .debug_abbrev  0x00000550      0x3fc ./build/sama5d4-xplained/ddram/target/target.a(board_support.o)
 .debug_abbrev  0x0000094c       0xd4 ./build/sama5d4-xplained/ddram/target/target.a(board_timer.o)
 .debug_abbrev  0x00000a20      0x13b ./build/sama5d4-xplained/ddram/target/target.a(chip_common.o)
 .debug_abbrev  0x00000b5b      0x1d2 ./build/sama5d4-xplained/ddram/drivers/drivers.a(ddram.o)
 .debug_abbrev  0x00000d2d      0x348 ./build/sama5d4-xplained/ddram/drivers/drivers.a(mpddrc.o)
 .debug_abbrev  0x00001075      0x36a ./build/sama5d4-xplained/ddram/drivers/drivers.a(pio3.o)
 .debug_abbrev  0x000013df      0x267 ./build/sama5d4-xplained/ddram/drivers/drivers.a(irq.o)
 .debug_abbrev  0x00001646      0x39e ./build/sama5d4-xplained/ddram/drivers/drivers.a(l2cache_l2cc.o)
 .debug_abbrev  0x000019e4      0x24a ./build/sama5d4-xplained/ddram/drivers/drivers.a(matrix.o)
 .debug_abbrev  0x00001c2e      0x50a ./build/sama5d4-xplained/ddram/drivers/drivers.a(pmc.o)
 .debug_abbrev  0x00002138      0x149 ./build/sama5d4-xplained/ddram/drivers/drivers.a(slowclock_sckc.o)
 .debug_abbrev  0x00002281      0x151 ./build/sama5d4-xplained/ddram/drivers/drivers.a(wdt.o)
 .debug_abbrev  0x000023d2      0x2ad ./build/sama5d4-xplained/ddram/drivers/drivers.a(console.o)
 .debug_abbrev  0x0000267f      0x32c ./build/sama5d4-xplained/ddram/drivers/drivers.a(seriald.o)
 .debug_abbrev  0x000029ab      0x2a5 ./build/sama5d4-xplained/ddram/drivers/drivers.a(usart.o)
 .debug_abbrev  0x00002c50      0x2ff ./build/sama5d4-xplained/ddram/drivers/drivers.a(aic5.o)
 .debug_abbrev  0x00002f4f       0xda ./build/sama5d4-xplained/ddram/drivers/drivers.a(cache.o)
 .debug_abbrev  0x00003029      0x247 ./build/sama5d4-xplained/ddram/arch/arch.a(l1cache_cp15.o)
 .debug_abbrev  0x00003270      0x1fb ./build/sama5d4-xplained/ddram/arch/arch.a(mmu_cp15.o)
 .debug_abbrev  0x0000346b       0xa9 ./build/sama5d4-xplained/ddram/utils/utils.a(trace.o)
 .debug_abbrev  0x00003514      0x336 ./build/sama5d4-xplained/ddram/utils/utils.a(timer.o)
 .debug_abbrev  0x0000384a      0x203 ./build/sama5d4-xplained/ddram/target/target.a(chip.o)
 .debug_abbrev  0x00003a4d      0x25f ./build/sama5d4-xplained/ddram/drivers/drivers.a(tc.o)

.debug_loc      0x00000000     0x6df3
 .debug_loc     0x00000000       0x4c ./build/sama5d4-xplained/ddram/target/common/bootstrap.o
 .debug_loc     0x0000004c      0x225 ./build/sama5d4-xplained/ddram/utils/utils.a(syscalls.o)
 .debug_loc     0x00000271       0x4e ./build/sama5d4-xplained/ddram/target/target.a(board_console.o)
 .debug_loc     0x000002bf      0x3bb ./build/sama5d4-xplained/ddram/target/target.a(board_support.o)
 .debug_loc     0x0000067a      0x55f ./build/sama5d4-xplained/ddram/target/target.a(chip_common.o)
 .debug_loc     0x00000bd9       0xf7 ./build/sama5d4-xplained/ddram/drivers/drivers.a(ddram.o)
 .debug_loc     0x00000cd0      0x28f ./build/sama5d4-xplained/ddram/drivers/drivers.a(mpddrc.o)
 .debug_loc     0x00000f5f      0x924 ./build/sama5d4-xplained/ddram/drivers/drivers.a(pio3.o)
 .debug_loc     0x00001883      0x28a ./build/sama5d4-xplained/ddram/drivers/drivers.a(irq.o)
 .debug_loc     0x00001b0d      0x80d ./build/sama5d4-xplained/ddram/drivers/drivers.a(l2cache_l2cc.o)
 .debug_loc     0x0000231a      0x90a ./build/sama5d4-xplained/ddram/drivers/drivers.a(matrix.o)
 .debug_loc     0x00002c24     0x1107 ./build/sama5d4-xplained/ddram/drivers/drivers.a(pmc.o)
 .debug_loc     0x00003d2b       0x92 ./build/sama5d4-xplained/ddram/drivers/drivers.a(slowclock_sckc.o)
 .debug_loc     0x00003dbd      0x187 ./build/sama5d4-xplained/ddram/drivers/drivers.a(wdt.o)
 .debug_loc     0x00003f44      0x6cf ./build/sama5d4-xplained/ddram/drivers/drivers.a(console.o)
 .debug_loc     0x00004613      0x432 ./build/sama5d4-xplained/ddram/drivers/drivers.a(seriald.o)
 .debug_loc     0x00004a45      0x565 ./build/sama5d4-xplained/ddram/drivers/drivers.a(usart.o)
 .debug_loc     0x00004faa      0x40a ./build/sama5d4-xplained/ddram/drivers/drivers.a(aic5.o)
 .debug_loc     0x000053b4      0x278 ./build/sama5d4-xplained/ddram/drivers/drivers.a(cache.o)
 .debug_loc     0x0000562c      0x53e ./build/sama5d4-xplained/ddram/arch/arch.a(l1cache_cp15.o)
 .debug_loc     0x00005b6a      0x14a ./build/sama5d4-xplained/ddram/arch/arch.a(mmu_cp15.o)
 .debug_loc     0x00005cb4      0x32f ./build/sama5d4-xplained/ddram/utils/utils.a(timer.o)
 .debug_loc     0x00005fe3      0x332 ./build/sama5d4-xplained/ddram/target/target.a(chip.o)
 .debug_loc     0x00006315      0xade ./build/sama5d4-xplained/ddram/drivers/drivers.a(tc.o)

.debug_aranges  0x00000000      0xcd8
 .debug_aranges
                0x00000000       0x28 ./build/sama5d4-xplained/ddram/target/common/bootstrap.o
 .debug_aranges
                0x00000028       0x20 ./build/sama5d4-xplained/ddram/target/sama5d4/toolchain/gnu/cstartup.o
 .debug_aranges
                0x00000048       0x38 ./build/sama5d4-xplained/ddram/arch/arch.a(fault_handlers.o)
 .debug_aranges
                0x00000080       0x70 ./build/sama5d4-xplained/ddram/utils/utils.a(syscalls.o)
 .debug_aranges
                0x000000f0       0x20 ./build/sama5d4-xplained/ddram/target/target.a(board_console.o)
 .debug_aranges
                0x00000110       0x98 ./build/sama5d4-xplained/ddram/target/target.a(board_support.o)
 .debug_aranges
                0x000001a8       0x20 ./build/sama5d4-xplained/ddram/target/target.a(board_timer.o)
 .debug_aranges
                0x000001c8       0x98 ./build/sama5d4-xplained/ddram/target/target.a(chip_common.o)
 .debug_aranges
                0x00000260       0x28 ./build/sama5d4-xplained/ddram/drivers/drivers.a(ddram.o)
 .debug_aranges
                0x00000288       0x58 ./build/sama5d4-xplained/ddram/drivers/drivers.a(mpddrc.o)
 .debug_aranges
                0x000002e0       0xb0 ./build/sama5d4-xplained/ddram/drivers/drivers.a(pio3.o)
 .debug_aranges
                0x00000390       0x58 ./build/sama5d4-xplained/ddram/drivers/drivers.a(irq.o)
 .debug_aranges
                0x000003e8      0x140 ./build/sama5d4-xplained/ddram/drivers/drivers.a(l2cache_l2cc.o)
 .debug_aranges
                0x00000528       0x70 ./build/sama5d4-xplained/ddram/drivers/drivers.a(matrix.o)
 .debug_aranges
                0x00000598      0x1b0 ./build/sama5d4-xplained/ddram/drivers/drivers.a(pmc.o)
 .debug_aranges
                0x00000748       0x40 ./build/sama5d4-xplained/ddram/drivers/drivers.a(slowclock_sckc.o)
 .debug_aranges